Component: ARM Compiler 5.06 update 7 (build 960) Tool: armlink [4d3601]

==============================================================================

Section Cross References

    startup_stm32f373xc.o(STACK) refers (Special) to heapauxi.o(.text) for __use_two_region_memory
    startup_stm32f373xc.o(HEAP) refers (Special) to heapauxi.o(.text) for __use_two_region_memory
    startup_stm32f373xc.o(RESET) refers (Special) to heapauxi.o(.text) for __use_two_region_memory
    startup_stm32f373xc.o(RESET) refers to startup_stm32f373xc.o(STACK) for __initial_sp
    startup_stm32f373xc.o(RESET) refers to startup_stm32f373xc.o(.text) for Reset_Handler
    startup_stm32f373xc.o(RESET) refers to stm32f3xx_it.o(i.NMI_Handler) for NMI_Handler
    startup_stm32f373xc.o(RESET) refers to stm32f3xx_it.o(i.HardFault_Handler) for HardFault_Handler
    startup_stm32f373xc.o(RESET) refers to stm32f3xx_it.o(i.MemManage_Handler) for MemManage_Handler
    startup_stm32f373xc.o(RESET) refers to stm32f3xx_it.o(i.BusFault_Handler) for BusFault_Handler
    startup_stm32f373xc.o(RESET) refers to stm32f3xx_it.o(i.UsageFault_Handler) for UsageFault_Handler
    startup_stm32f373xc.o(RESET) refers to stm32f3xx_it.o(i.SVC_Handler) for SVC_Handler
    startup_stm32f373xc.o(RESET) refers to stm32f3xx_it.o(i.DebugMon_Handler) for DebugMon_Handler
    startup_stm32f373xc.o(RESET) refers to stm32f3xx_it.o(i.PendSV_Handler) for PendSV_Handler
    startup_stm32f373xc.o(RESET) refers to stm32f3xx_it.o(i.SysTick_Handler) for SysTick_Handler
    startup_stm32f373xc.o(RESET) refers to stm32f3xx_it.o(i.SPI1_IRQHandler) for SPI1_IRQHandler
    startup_stm32f373xc.o(RESET) refers to stm32f3xx_it.o(i.SPI2_IRQHandler) for SPI2_IRQHandler
    startup_stm32f373xc.o(RESET) refers to stm32f3xx_it.o(i.USART1_IRQHandler) for USART1_IRQHandler
    startup_stm32f373xc.o(RESET) refers to stm32f3xx_it.o(i.USART2_IRQHandler) for USART2_IRQHandler
    startup_stm32f373xc.o(RESET) refers to stm32f3xx_it.o(i.USART3_IRQHandler) for USART3_IRQHandler
    startup_stm32f373xc.o(.text) refers (Special) to heapauxi.o(.text) for __use_two_region_memory
    startup_stm32f373xc.o(.text) refers to system_stm32f3xx.o(i.SystemInit) for SystemInit
    startup_stm32f373xc.o(.text) refers to __main.o(!!!main) for __main
    startup_stm32f373xc.o(.text) refers to startup_stm32f373xc.o(HEAP) for Heap_Mem
    startup_stm32f373xc.o(.text) refers to startup_stm32f373xc.o(STACK) for Stack_Mem
    main.o(i.MX_ADC1_Init) refers to stm32f3xx_hal_adc_ex.o(i.HAL_ADC_Init) for HAL_ADC_Init
    main.o(i.MX_ADC1_Init) refers to stm32f3xx_hal_adc_ex.o(i.HAL_ADC_ConfigChannel) for HAL_ADC_ConfigChannel
    main.o(i.MX_ADC1_Init) refers to main.o(.bss) for .bss
    main.o(i.MX_GPIO_Init) refers to rt_memclr_w.o(.text) for __aeabi_memclr4
    main.o(i.MX_GPIO_Init) refers to stm32f3xx_hal_gpio.o(i.HAL_GPIO_WritePin) for HAL_GPIO_WritePin
    main.o(i.MX_GPIO_Init) refers to stm32f3xx_hal_gpio.o(i.HAL_GPIO_Init) for HAL_GPIO_Init
    main.o(i.MX_SPI1_Init) refers to stm32f3xx_hal_spi.o(i.HAL_SPI_Init) for HAL_SPI_Init
    main.o(i.MX_SPI1_Init) refers to main.o(.bss) for .bss
    main.o(i.MX_SPI2_Init) refers to stm32f3xx_hal_spi.o(i.HAL_SPI_Init) for HAL_SPI_Init
    main.o(i.MX_SPI2_Init) refers to main.o(.bss) for .bss
    main.o(i.MX_TIM5_Init) refers to rt_memclr_w.o(.text) for __aeabi_memclr4
    main.o(i.MX_TIM5_Init) refers to stm32f3xx_hal_tim.o(i.HAL_TIM_PWM_Init) for HAL_TIM_PWM_Init
    main.o(i.MX_TIM5_Init) refers to stm32f3xx_hal_tim_ex.o(i.HAL_TIMEx_MasterConfigSynchronization) for HAL_TIMEx_MasterConfigSynchronization
    main.o(i.MX_TIM5_Init) refers to stm32f3xx_hal_tim.o(i.HAL_TIM_PWM_ConfigChannel) for HAL_TIM_PWM_ConfigChannel
    main.o(i.MX_TIM5_Init) refers to stm32f3xx_hal_msp.o(i.HAL_TIM_MspPostInit) for HAL_TIM_MspPostInit
    main.o(i.MX_TIM5_Init) refers to main.o(.bss) for .bss
    main.o(i.MX_USART1_UART_Init) refers to stm32f3xx_hal_uart.o(i.HAL_UART_Init) for HAL_UART_Init
    main.o(i.MX_USART1_UART_Init) refers to main.o(.bss) for .bss
    main.o(i.MX_USART2_UART_Init) refers to stm32f3xx_hal_uart.o(i.HAL_UART_Init) for HAL_UART_Init
    main.o(i.MX_USART2_UART_Init) refers to main.o(.bss) for .bss
    main.o(i.MX_USART3_UART_Init) refers to stm32f3xx_hal_uart.o(i.HAL_UART_Init) for HAL_UART_Init
    main.o(i.MX_USART3_UART_Init) refers to main.o(.bss) for .bss
    main.o(i.SystemClock_Config) refers to rt_memclr_w.o(.text) for __aeabi_memclr4
    main.o(i.SystemClock_Config) refers to stm32f3xx_hal_rcc.o(i.HAL_RCC_OscConfig) for HAL_RCC_OscConfig
    main.o(i.SystemClock_Config) refers to stm32f3xx_hal_rcc.o(i.HAL_RCC_ClockConfig) for HAL_RCC_ClockConfig
    main.o(i.SystemClock_Config) refers to stm32f3xx_hal_rcc_ex.o(i.HAL_RCCEx_PeriphCLKConfig) for HAL_RCCEx_PeriphCLKConfig
    main.o(i.main) refers to stm32f3xx_hal.o(i.HAL_Init) for HAL_Init
    main.o(i.main) refers to main.o(i.SystemClock_Config) for SystemClock_Config
[...]
    __rt_exit_prels_1                        0x080002c9   Thumb Code     0  rtexit2.o(.ARM.Collect$$rtexit$$00000002)
    __rt_exit_exit                           0x080002cd   Thumb Code     0  rtexit2.o(.ARM.Collect$$rtexit$$00000004)
    Reset_Handler                            0x080002d5   Thumb Code     8  startup_stm32f373xc.o(.text)
    ADC1_IRQHandler                          0x080002ef   Thumb Code     0  startup_stm32f373xc.o(.text)
    CAN_RX0_IRQHandler                       0x080002ef   Thumb Code     0  startup_stm32f373xc.o(.text)
    CAN_RX1_IRQHandler                       0x080002ef   Thumb Code     0  startup_stm32f373xc.o(.text)
    CAN_SCE_IRQHandler                       0x080002ef   Thumb Code     0  startup_stm32f373xc.o(.text)
    CAN_TX_IRQHandler                        0x080002ef   Thumb Code     0  startup_stm32f373xc.o(.text)
    CEC_IRQHandler                           0x080002ef   Thumb Code     0  startup_stm32f373xc.o(.text)
    COMP_IRQHandler                          0x080002ef   Thumb Code     0  startup_stm32f373xc.o(.text)
    DMA1_Channel1_IRQHandler                 0x080002ef   Thumb Code     0  startup_stm32f373xc.o(.text)
    DMA1_Channel2_IRQHandler                 0x080002ef   Thumb Code     0  startup_stm32f373xc.o(.text)
    DMA1_Channel3_IRQHandler                 0x080002ef   Thumb Code     0  startup_stm32f373xc.o(.text)
    DMA1_Channel4_IRQHandler                 0x080002ef   Thumb Code     0  startup_stm32f373xc.o(.text)
    DMA1_Channel5_IRQHandler                 0x080002ef   Thumb Code     0  startup_stm32f373xc.o(.text)
    DMA1_Channel6_IRQHandler                 0x080002ef   Thumb Code     0  startup_stm32f373xc.o(.text)
    DMA1_Channel7_IRQHandler                 0x080002ef   Thumb Code     0  startup_stm32f373xc.o(.text)
    DMA2_Channel1_IRQHandler                 0x080002ef   Thumb Code     0  startup_stm32f373xc.o(.text)
    DMA2_Channel2_IRQHandler                 0x080002ef   Thumb Code     0  startup_stm32f373xc.o(.text)
    DMA2_Channel3_IRQHandler                 0x080002ef   Thumb Code     0  startup_stm32f373xc.o(.text)
    DMA2_Channel4_IRQHandler                 0x080002ef   Thumb Code     0  startup_stm32f373xc.o(.text)
    DMA2_Channel5_IRQHandler                 0x080002ef   Thumb Code     0  startup_stm32f373xc.o(.text)
    EXTI0_IRQHandler                         0x080002ef   Thumb Code     0  startup_stm32f373xc.o(.text)
    EXTI15_10_IRQHandler                     0x080002ef   Thumb Code     0  startup_stm32f373xc.o(.text)
    EXTI1_IRQHandler                         0x080002ef   Thumb Code     0  startup_stm32f373xc.o(.text)
    EXTI2_TSC_IRQHandler                     0x080002ef   Thumb Code     0  startup_stm32f373xc.o(.text)
    EXTI3_IRQHandler                         0x080002ef   Thumb Code     0  startup_stm32f373xc.o(.text)
    EXTI4_IRQHandler                         0x080002ef   Thumb Code     0  startup_stm32f373xc.o(.text)
    EXTI9_5_IRQHandler                       0x080002ef   Thumb Code     0  startup_stm32f373xc.o(.text)
    FLASH_IRQHandler                         0x080002ef   Thumb Code     0  startup_stm32f373xc.o(.text)
    FPU_IRQHandler                           0x080002ef   Thumb Code     0  startup_stm32f373xc.o(.text)
    I2C1_ER_IRQHandler                       0x080002ef   Thumb Code     0  startup_stm32f373xc.o(.text)
    I2C1_EV_IRQHandler                       0x080002ef   Thumb Code     0  startup_stm32f373xc.o(.text)
    I2C2_ER_IRQHandler                       0x080002ef   Thumb Code     0  startup_stm32f373xc.o(.text)
    I2C2_EV_IRQHandler                       0x080002ef   Thumb Code     0  startup_stm32f373xc.o(.text)
    PVD_IRQHandler                           0x080002ef   Thumb Code     0  startup_stm32f373xc.o(.text)
    RCC_IRQHandler                           0x080002ef   Thumb Code     0  startup_stm32f373xc.o(.text)
    RTC_Alarm_IRQHandler                     0x080002ef   Thumb Code     0  startup_stm32f373xc.o(.text)
    RTC_WKUP_IRQHandler                      0x080002ef   Thumb Code     0  startup_stm32f373xc.o(.text)
    SDADC1_IRQHandler                        0x080002ef   Thumb Code     0  startup_stm32f373xc.o(.text)
    SDADC2_IRQHandler                        0x080002ef   Thumb Code     0  startup_stm32f373xc.o(.text)
    SDADC3_IRQHandler                        0x080002ef   Thumb Code     0  startup_stm32f373xc.o(.text)
    SPI3_IRQHandler                          0x080002ef   Thumb Code     0  startup_stm32f373xc.o(.text)
    TAMP_STAMP_IRQHandler                    0x080002ef   Thumb Code     0  startup_stm32f373xc.o(.text)
    TIM12_IRQHandler                         0x080002ef   Thumb Code     0  startup_stm32f373xc.o(.text)
    TIM13_IRQHandler                         0x080002ef   Thumb Code     0  startup_stm32f373xc.o(.text)
    TIM14_IRQHandler                         0x080002ef   Thumb Code     0  startup_stm32f373xc.o(.text)
    TIM15_IRQHandler                         0x080002ef   Thumb Code     0  startup_stm32f373xc.o(.text)
    TIM16_IRQHandler                         0x080002ef   Thumb Code     0  startup_stm32f373xc.o(.text)
    TIM17_IRQHandler                         0x080002ef   Thumb Code     0  startup_stm32f373xc.o(.text)
    TIM18_DAC2_IRQHandler                    0x080002ef   Thumb Code     0  startup_stm32f373xc.o(.text)
    TIM19_IRQHandler                         0x080002ef   Thumb Code     0  startup_stm32f373xc.o(.text)
    TIM2_IRQHandler                          0x080002ef   Thumb Code     0  startup_stm32f373xc.o(.text)
    TIM3_IRQHandler                          0x080002ef   Thumb Code     0  startup_stm32f373xc.o(.text)
    TIM4_IRQHandler                          0x080002ef   Thumb Code     0  startup_stm32f373xc.o(.text)
    TIM5_IRQHandler                          0x080002ef   Thumb Code     0  startup_stm32f373xc.o(.text)
    TIM6_DAC1_IRQHandler                     0x080002ef   Thumb Code     0  startup_stm32f373xc.o(.text)
    TIM7_IRQHandler                          0x080002ef   Thumb Code     0  startup_stm32f373xc.o(.text)
    USBWakeUp_IRQHandler                     0x080002ef   Thumb Code     0  startup_stm32f373xc.o(.text)
    USB_HP_IRQHandler                        0x080002ef   Thumb Code     0  startup_stm32f373xc.o(.text)
    USB_LP_IRQHandler                        0x080002ef   Thumb Code     0  startup_stm32f373xc.o(.text)
    WWDG_IRQHandler                          0x080002ef   Thumb Code     0  startup_stm32f373xc.o(.text)
    __user_initial_stackheap                 0x080002f1   Thumb Code     0  startup_stm32f373xc.o(.text)
    __aeabi_uldivmod                         0x08000315   Thumb Code     0  lludivv7m.o(.text)
    _ll_udiv                                 0x08000315   Thumb Code   238  lludivv7m.o(.text)
    __aeabi_llsr                             0x08000403   Thumb Code     0  llushr.o(.text)
    _ll_ushift_r                             0x08000403   Thumb Code    38  llushr.o(.text)
    __aeabi_ldivmod                          0x08000429   Thumb Code     0  llsdiv.o(.text)
    _ll_sdiv                                 0x08000429   Thumb Code    72  llsdiv.o(.text)
    vsnprintf                                0x08000471   Thumb Code    48  vsnprintf.o(.text)
    __0sscanf                                0x080004a5   Thumb Code    52  __0sscanf.o(.text)
    _scanf_int                               0x080004e1   Thumb Code   332  _scanf_int.o(.text)
    strstr                                   0x0800062d   Thumb Code    36  strstr.o(.text)
    memcmp                                   0x08000651   Thumb Code    88  memcmp.o(.text)
    strcpy                                   0x080006a9   Thumb Code    72  strcpy.o(.text)
    strlen                                   0x080006f1   Thumb Code    62  strlen.o(.text)
    strncmp                                  0x0800072f   Thumb Code   150  strncmp.o(.text)
    strcat                                   0x080007c5   Thumb Code    24  strcat.o(.text)
    __aeabi_memcpy                           0x080007dd   Thumb Code     0  rt_memcpy_v6.o(.text)
    __rt_memcpy                              0x080007dd   Thumb Code   138  rt_memcpy_v6.o(.text)
    _memcpy_lastbytes                        0x08000843   Thumb Code     0  rt_memcpy_v6.o(.text)
    __aeabi_memmove                          0x08000867   Thumb Code     0  rt_memmove_v6.o(.text)
    __rt_memmove                             0x08000867   Thumb Code   132  rt_memmove_v6.o(.text)
    __memmove_lastfew                        0x080008c7   Thumb Code     0  rt_memmove_v6.o(.text)
    __aeabi_memcpy4                          0x080008eb   Thumb Code     0  rt_memcpy_w.o(.text)
    __aeabi_memcpy8                          0x080008eb   Thumb Code     0  rt_memcpy_w.o(.text)
    __rt_memcpy_w                            0x080008eb   Thumb Code   100  rt_memcpy_w.o(.text)
    _memcpy_lastbytes_aligned                0x08000933   Thumb Code     0  rt_memcpy_w.o(.text)
    __aeabi_memclr                           0x0800094f   Thumb Code     0  rt_memclr.o(.text)
    __rt_memclr                              0x0800094f   Thumb Code    68  rt_memclr.o(.text)
    _memset                                  0x08000953   Thumb Code     0  rt_memclr.o(.text)
    __aeabi_memclr4                          0x08000993   Thumb Code     0  rt_memclr_w.o(.text)
    __aeabi_memclr8                          0x08000993   Thumb Code     0  rt_memclr_w.o(.text)
    __rt_memclr_w                            0x08000993   Thumb Code    78  rt_memclr_w.o(.text)
    _memset_w                                0x08000997   Thumb Code     0  rt_memclr_w.o(.text)
    __use_two_region_memory                  0x080009e1   Thumb Code     2  heapauxi.o(.text)
    __rt_heap_escrow$2region                 0x080009e3   Thumb Code     2  heapauxi.o(.text)
    __rt_heap_expand$2region                 0x080009e5   Thumb Code     2  heapauxi.o(.text)
    _printf_pre_padding                      0x080009e7   Thumb Code    44  _printf_pad.o(.text)
    _printf_post_padding                     0x08000a13   Thumb Code    34  _printf_pad.o(.text)
    _printf_truncate_signed                  0x08000a35   Thumb Code    18  _printf_truncate.o(.text)
    _printf_truncate_unsigned                0x08000a47   Thumb Code    18  _printf_truncate.o(.text)
    _printf_str                              0x08000a59   Thumb Code    82  _printf_str.o(.text)
    _printf_int_dec                          0x08000aad   Thumb Code   104  _printf_dec.o(.text)
    _printf_charcount                        0x08000b25   Thumb Code    40  _printf_charcount.o(.text)
    _printf_char_common                      0x08000b57   Thumb Code    32  _printf_char_common.o(.text)
    _sputc                                   0x08000b7d   Thumb Code    10  _sputc.o(.text)
    _snputc                                  0x08000b87   Thumb Code    16  _snputc.o(.text)
    _printf_wctomb                           0x08000b99   Thumb Code   182  _printf_wctomb.o(.text)
    _printf_longlong_dec                     0x08000c55   Thumb Code   108  _printf_longlong_dec.o(.text)
    _printf_longlong_oct                     0x08000cd1   Thumb Code    66  _printf_oct_int_ll.o(.text)
    _printf_int_oct                          0x08000d13   Thumb Code    24  _printf_oct_int_ll.o(.text)
    _printf_ll_oct                           0x08000d2b   Thumb Code    12  _printf_oct_int_ll.o(.text)
    _printf_longlong_hex                     0x08000d41   Thumb Code    86  _printf_hex_int_ll_ptr.o(.text)
    _printf_int_hex                          0x08000d97   Thumb Code    28  _printf_hex_int_ll_ptr.o(.text)
    _printf_ll_hex                           0x08000db3   Thumb Code    12  _printf_hex_int_ll_ptr.o(.text)
    _printf_hex_ptr                          0x08000dbf   Thumb Code    18  _printf_hex_int_ll_ptr.o(.text)
    __printf                                 0x08000dd5   Thumb Code   388  __printf_flags_ss_wp.o(.text)
    _chval                                   0x08000f5d   Thumb Code    28  _chval.o(.text)
    __vfscanf_char                           0x08000f85   Thumb Code    24  scanf_char.o(.text)
    _sgetc                                   0x08000fa5   Thumb Code    30  _sgetc.o(.text)
    _sbackspace                              0x08000fc3   Thumb Code    34  _sgetc.o(.text)
    __aeabi_memmove4                         0x08000fe5   Thumb Code     0  rt_memmove_w.o(.text)
    __aeabi_memmove8                         0x08000fe5   Thumb Code     0  rt_memmove_w.o(.text)
    __rt_memmove_w                           0x08000fe5   Thumb Code   122  rt_memmove_w.o(.text)
    __memmove_aligned                        0x0800100b   Thumb Code     0  rt_memmove_w.o(.text)
    __memmove_lastfew_aligned                0x08001043   Thumb Code     0  rt_memmove_w.o(.text)
    _ll_udiv10                               0x0800105f   Thumb Code   138  lludiv10.o(.text)
    isspace                                  0x080010e9   Thumb Code    18  isspace.o(.text)
    _printf_int_common                       0x080010fb   Thumb Code   178  _printf_intcommon.o(.text)
    __lib_sel_fp_printf                      0x080011ad   Thumb Code     2  _printf_fp_dec.o(.text)
    _printf_fp_dec_real                      0x0800135f   Thumb Code   620  _printf_fp_dec.o(.text)
    _printf_fp_hex_real                      0x080015cd   Thumb Code   756  _printf_fp_hex.o(.text)
    _printf_cs_common                        0x080018c9   Thumb Code    20  _printf_char.o(.text)
    _printf_char                             0x080018dd   Thumb Code    16  _printf_char.o(.text)
    _printf_string                           0x080018ed   Thumb Code     8  _printf_char.o(.text)
    _printf_lcs_common                       0x080018f5   Thumb Code    20  _printf_wchar.o(.text)
    _printf_wchar                            0x08001909   Thumb Code    16  _printf_wchar.o(.text)
    _printf_wstring                          0x08001919   Thumb Code     8  _printf_wchar.o(.text)
    __vfscanf                                0x08001921   Thumb Code   880  _scanf.o(.text)
    _wcrtomb                                 0x08001c95   Thumb Code    64  _wcrtomb.o(.text)
    __user_setup_stackheap                   0x08001cd5   Thumb Code    74  sys_stackheap_outer.o(.text)
    __rt_ctype_table                         0x08001d21   Thumb Code    16  rt_ctype_table.o(.text)
    __rt_locale                              0x08001d31   Thumb Code     8  rt_locale_intlibspace.o(.text)
    _printf_fp_infnan                        0x08001d39   Thumb Code   112  _printf_fp_infnan.o(.text)
    _btod_etento                             0x08001db9   Thumb Code   224  bigflt0.o(.text)
    exit                                     0x08001e9d   Thumb Code    18  exit.o(.text)
    __user_libspace                          0x08001eb1   Thumb Code     8  libspace.o(.text)
    __user_perproc_libspace                  0x08001eb1   Thumb Code     0  libspace.o(.text)
    __user_perthread_libspace                0x08001eb1   Thumb Code     0  libspace.o(.text)
    strcmp                                   0x08001eb9   Thumb Code   128  strcmpv7m.o(.text)
    _sys_exit                                0x08001f39   Thumb Code     8  sys_exit.o(.text)
    __I$use$semihosting                      0x08001f45   Thumb Code     0  use_no_semi.o(.text)
    __use_no_semihosting_swi                 0x08001f45   Thumb Code     2  use_no_semi.o(.text)
    __semihosting_library_function           0x08001f47   Thumb Code     0  indicate_semi.o(.text)
    _btod_d2e                                0x08001f47   Thumb Code    62  btod.o(CL$$btod_d2e)
    _d2e_denorm_low                          0x08001f85   Thumb Code    70  btod.o(CL$$btod_d2e_denorm_low)
    _d2e_norm_op1                            0x08001fcb   Thumb Code    96  btod.o(CL$$btod_d2e_norm_op1)
    __btod_div_common                        0x0800202b   Thumb Code   696  btod.o(CL$$btod_div_common)
    _e2e                                     0x08002363   Thumb Code   220  btod.o(CL$$btod_e2e)
    _btod_ediv                               0x0800243f   Thumb Code    42  btod.o(CL$$btod_ediv)
    _btod_emul                               0x08002469   Thumb Code    42  btod.o(CL$$btod_emul)
    __btod_mult_common                       0x08002493   Thumb Code   580  btod.o(CL$$btod_mult_common)
    ADC_Setup                                0x080027ad   Thumb Code   102  adc_dev.o(i.ADC_Setup)
    BusFault_Handler                         0x08002825   Thumb Code     2  stm32f3xx_it.o(i.BusFault_Handler)
    CRC16                                    0x08002827   Thumb Code    56  crc16.o(i.CRC16)
    DebugMon_Handler                         0x0800285f   Thumb Code     2  stm32f3xx_it.o(i.DebugMon_Handler)
    Error_Handler                            0x08002861   Thumb Code     4  main.o(i.Error_Handler)
    FLASH_PageErase                          0x08002889   Thumb Code    28  stm32f3xx_hal_flash_ex.o(i.FLASH_PageErase)
    FLASH_WaitForLastOperation               0x080028fd   Thumb Code    74  stm32f3xx_hal_flash.o(i.FLASH_WaitForLastOperation)
    HAL_ADCEx_Calibration_Start              0x0800294d   Thumb Code   198  stm32f3xx_hal_adc_ex.o(i.HAL_ADCEx_Calibration_Start)
    HAL_ADC_ConfigChannel                    0x08002a15   Thumb Code   234  stm32f3xx_hal_adc_ex.o(i.HAL_ADC_ConfigChannel)
    HAL_ADC_GetValue                         0x08002b0d   Thumb Code     6  stm32f3xx_hal_adc_ex.o(i.HAL_ADC_GetValue)
    HAL_ADC_Init                             0x08002b15   Thumb Code   272  stm32f3xx_hal_adc_ex.o(i.HAL_ADC_Init)
    HAL_ADC_MspInit                          0x08002c31   Thumb Code    82  stm32f3xx_hal_msp.o(i.HAL_ADC_MspInit)
    HAL_ADC_PollForConversion                0x08002c8d   Thumb Code   314  stm32f3xx_hal_adc_ex.o(i.HAL_ADC_PollForConversion)
    HAL_ADC_Start                            0x08002dd5   Thumb Code   130  stm32f3xx_hal_adc_ex.o(i.HAL_ADC_Start)
    HAL_ADC_Stop                             0x08002e57   Thumb Code    52  stm32f3xx_hal_adc_ex.o(i.HAL_ADC_Stop)
    HAL_CRCEx_Polynomial_Set                 0x08002e8d   Thumb Code    84  stm32f3xx_hal_crc_ex.o(i.HAL_CRCEx_Polynomial_Set)
    HAL_CRC_Init                             0x08002ee1   Thumb Code   112  stm32f3xx_hal_crc.o(i.HAL_CRC_Init)
    HAL_CRC_MspInit                          0x08002f55   Thumb Code    30  stm32f3xx_hal_msp.o(i.HAL_CRC_MspInit)
    HAL_DMA_Abort                            0x08002f7d   Thumb Code    70  stm32f3xx_hal_dma.o(i.HAL_DMA_Abort)
    HAL_DMA_Abort_IT                         0x08002fc3   Thumb Code    74  stm32f3xx_hal_dma.o(i.HAL_DMA_Abort_IT)
    HAL_FLASHEx_Erase                        0x0800300d   Thumb Code   158  stm32f3xx_hal_flash_ex.o(i.HAL_FLASHEx_Erase)
    HAL_FLASH_Lock                           0x080030b5   Thumb Code    14  stm32f3xx_hal_flash.o(i.HAL_FLASH_Lock)
    HAL_FLASH_Program                        0x080030c9   Thumb Code   120  stm32f3xx_hal_flash.o(i.HAL_FLASH_Program)
    HAL_FLASH_Unlock                         0x08003149   Thumb Code    28  stm32f3xx_hal_flash.o(i.HAL_FLASH_Unlock)
    HAL_GPIO_Init                            0x08003171   Thumb Code   434  stm32f3xx_hal_gpio.o(i.HAL_GPIO_Init)
    HAL_GPIO_ReadPin                         0x08003341   Thumb Code    10  stm32f3xx_hal_gpio.o(i.HAL_GPIO_ReadPin)
    HAL_GPIO_TogglePin                       0x0800334b   Thumb Code    16  stm32f3xx_hal_gpio.o(i.HAL_GPIO_TogglePin)
    HAL_GPIO_WritePin                        0x0800335b   Thumb Code    10  stm32f3xx_hal_gpio.o(i.HAL_GPIO_WritePin)
    HAL_GetTick                              0x08003365   Thumb Code     6  stm32f3xx_hal.o(i.HAL_GetTick)
    HAL_IncTick                              0x08003371   Thumb Code    12  stm32f3xx_hal.o(i.HAL_IncTick)
    HAL_Init                                 0x08003381   Thumb Code    32  stm32f3xx_hal.o(i.HAL_Init)
    HAL_InitTick                             0x080033a5   Thumb Code    54  stm32f3xx_hal.o(i.HAL_InitTick)
    HAL_MspInit                              0x080033e5   Thumb Code    38  stm32f3xx_hal_msp.o(i.HAL_MspInit)
    HAL_NVIC_EnableIRQ                       0x08003411   Thumb Code    26  stm32f3xx_hal_cortex.o(i.HAL_NVIC_EnableIRQ)
    HAL_NVIC_SetPriority                     0x0800342d   Thumb Code    60  stm32f3xx_hal_cortex.o(i.HAL_NVIC_SetPriority)
    HAL_NVIC_SetPriorityGrouping             0x0800346d   Thumb Code    26  stm32f3xx_hal_cortex.o(i.HAL_NVIC_SetPriorityGrouping)
    HAL_NVIC_SystemReset                     0x08003491   Thumb Code    26  stm32f3xx_hal_cortex.o(i.HAL_NVIC_SystemReset)
    HAL_RCCEx_PeriphCLKConfig                0x080034b5   Thumb Code   450  stm32f3xx_hal_rcc_ex.o(i.HAL_RCCEx_PeriphCLKConfig)
    HAL_RCC_ClockConfig                      0x08003685   Thumb Code   308  stm32f3xx_hal_rcc.o(i.HAL_RCC_ClockConfig)
    HAL_RCC_GetPCLK1Freq                     0x080037cd   Thumb Code    34  stm32f3xx_hal_rcc.o(i.HAL_RCC_GetPCLK1Freq)
    HAL_RCC_GetPCLK2Freq                     0x080037fd   Thumb Code    34  stm32f3xx_hal_rcc.o(i.HAL_RCC_GetPCLK2Freq)
    HAL_RCC_GetSysClockFreq                  0x0800382d   Thumb Code    96  stm32f3xx_hal_rcc.o(i.HAL_RCC_GetSysClockFreq)
    HAL_RCC_OscConfig                        0x0800389d   Thumb Code  1480  stm32f3xx_hal_rcc.o(i.HAL_RCC_OscConfig)
    HAL_SPI_ErrorCallback                    0x08003e65   Thumb Code     2  board.o(i.HAL_SPI_ErrorCallback)
    HAL_SPI_IRQHandler                       0x08003e69   Thumb Code   246  stm32f3xx_hal_spi.o(i.HAL_SPI_IRQHandler)
    HAL_SPI_Init                             0x08003f65   Thumb Code   234  stm32f3xx_hal_spi.o(i.HAL_SPI_Init)
    HAL_SPI_MspInit                          0x08004051   Thumb Code   200  stm32f3xx_hal_msp.o(i.HAL_SPI_MspInit)
    HAL_SYSTICK_Config                       0x08004131   Thumb Code    40  stm32f3xx_hal_cortex.o(i.HAL_SYSTICK_Config)
    HAL_TIMEx_MasterConfigSynchronization    0x08004159   Thumb Code   110  stm32f3xx_hal_tim_ex.o(i.HAL_TIMEx_MasterConfigSynchronization)
    HAL_TIM_MspPostInit                      0x080041e1   Thumb Code    68  stm32f3xx_hal_msp.o(i.HAL_TIM_MspPostInit)
    HAL_TIM_PWM_ConfigChannel                0x08004231   Thumb Code   204  stm32f3xx_hal_tim.o(i.HAL_TIM_PWM_ConfigChannel)
    HAL_TIM_PWM_Init                         0x080042fd   Thumb Code    90  stm32f3xx_hal_tim.o(i.HAL_TIM_PWM_Init)
    HAL_TIM_PWM_MspInit                      0x08004359   Thumb Code    30  stm32f3xx_hal_msp.o(i.HAL_TIM_PWM_MspInit)
    HAL_UARTEx_RxEventCallback               0x08004381   Thumb Code     2  stm32f3xx_hal_uart.o(i.HAL_UARTEx_RxEventCallback)
    HAL_UARTEx_WakeupCallback                0x08004383   Thumb Code     2  stm32f3xx_hal_uart_ex.o(i.HAL_UARTEx_WakeupCallback)
    HAL_UART_AbortReceiveCpltCallback        0x08004385   Thumb Code     2  stm32f3xx_hal_uart.o(i.HAL_UART_AbortReceiveCpltCallback)
    HAL_UART_AbortReceive_IT                 0x08004389   Thumb Code   178  stm32f3xx_hal_uart.o(i.HAL_UART_AbortReceive_IT)
    HAL_UART_ErrorCallback                   0x08004441   Thumb Code     2  stm32f3xx_hal_uart.o(i.HAL_UART_ErrorCallback)
    HAL_UART_IRQHandler                      0x08004445   Thumb Code   686  stm32f3xx_hal_uart.o(i.HAL_UART_IRQHandler)
    HAL_UART_Init                            0x080046fd   Thumb Code   102  stm32f3xx_hal_uart.o(i.HAL_UART_Init)
    HAL_UART_MspInit                         0x08004765   Thumb Code   252  stm32f3xx_hal_msp.o(i.HAL_UART_MspInit)
    HAL_UART_Receive_IT                      0x08004879   Thumb Code    60  stm32f3xx_hal_uart.o(i.HAL_UART_Receive_IT)
    HAL_UART_RxCpltCallback                  0x080048b5   Thumb Code     2  board.o(i.HAL_UART_RxCpltCallback)
    HAL_UART_Transmit_IT                     0x080048b9   Thumb Code    84  stm32f3xx_hal_uart.o(i.HAL_UART_Transmit_IT)
    HAL_UART_TxCpltCallback                  0x08004915   Thumb Code    32  board.o(i.HAL_UART_TxCpltCallback)
    HardFault_Handler                        0x0800493d   Thumb Code     2  stm32f3xx_it.o(i.HardFault_Handler)
    IIC_IO_Setup                             0x08004941   Thumb Code    40  iic_io.o(i.IIC_IO_Setup)
    InputDevSetup                            0x08004b05   Thumb Code    44  input.o(i.InputDevSetup)
    MemManage_Handler                        0x08004f75   Thumb Code     2  stm32f3xx_it.o(i.MemManage_Handler)
    NMI_Handler                              0x08004f77   Thumb Code     2  stm32f3xx_it.o(i.NMI_Handler)
    PendSV_Handler                           0x08004f79   Thumb Code     2  stm32f3xx_it.o(i.PendSV_Handler)
    RingBuffer_Init                          0x08004f7b   Thumb Code    16  ring_buffer.o(i.RingBuffer_Init)
    RingBuffer_Insert                        0x08004f8b   Thumb Code    48  ring_buffer.o(i.RingBuffer_Insert)
    RingBuffer_InsertMult                    0x08004fbb   Thumb Code   122  ring_buffer.o(i.RingBuffer_InsertMult)
    RingBuffer_Pop                           0x08005059   Thumb Code    48  ring_buffer.o(i.RingBuffer_Pop)
    RingBuffer_PopMult                       0x08005089   Thumb Code   118  ring_buffer.o(i.RingBuffer_PopMult)
    SPI1_IRQHandler                          0x08005101   Thumb Code     6  stm32f3xx_it.o(i.SPI1_IRQHandler)
    SPI2_IRQHandler                          0x0800510d   Thumb Code     6  stm32f3xx_it.o(i.SPI2_IRQHandler)
    SVC_Handler                              0x0800512b   Thumb Code     2  stm32f3xx_it.o(i.SVC_Handler)
    SysTick_Handler                          0x0800512d   Thumb Code    14  stm32f3xx_it.o(i.SysTick_Handler)
    SystemClock_Config                       0x0800513b   Thumb Code   124  main.o(i.SystemClock_Config)
    SystemInit                               0x080051b9   Thumb Code    12  system_stm32f3xx.o(i.SystemInit)
    TIM_Base_SetConfig                       0x080051c9   Thumb Code   158  stm32f3xx_hal_tim.o(i.TIM_Base_SetConfig)
    TIM_OC2_SetConfig                        0x08005301   Thumb Code    82  stm32f3xx_hal_tim.o(i.TIM_OC2_SetConfig)
    UART_AdvFeatureConfig                    0x080053bf   Thumb Code   200  stm32f3xx_hal_uart.o(i.UART_AdvFeatureConfig)
    UART_CheckIdleState                      0x08005487   Thumb Code   168  stm32f3xx_hal_uart.o(i.UART_CheckIdleState)
    UART_SetConfig                           0x08005735   Thumb Code   358  stm32f3xx_hal_uart.o(i.UART_SetConfig)
    UART_Start_Receive_IT                    0x080058b1   Thumb Code   156  stm32f3xx_hal_uart.o(i.UART_Start_Receive_IT)
    UART_WaitOnFlagUntilTimeout              0x080059f1   Thumb Code   140  stm32f3xx_hal_uart.o(i.UART_WaitOnFlagUntilTimeout)
    USART1_IRQHandler                        0x08005a7d   Thumb Code     6  stm32f3xx_it.o(i.USART1_IRQHandler)
    USART2_IRQHandler                        0x08005a89   Thumb Code     6  stm32f3xx_it.o(i.USART2_IRQHandler)
    USART3_IRQHandler                        0x08005a95   Thumb Code     6  stm32f3xx_it.o(i.USART3_IRQHandler)
    UsageFault_Handler                       0x08005aa1   Thumb Code     2  stm32f3xx_it.o(i.UsageFault_Handler)
    __ARM_fpclassify                         0x08005aa3   Thumb Code    48  fpclassify.o(i.__ARM_fpclassify)
    _is_digit                                0x08005af3   Thumb Code    14  __printf_wp.o(i._is_digit)
    as_OUTPUT_OD_NOPULL_HIGH                 0x08005c61   Thumb Code    42  gpiodecal.o(i.as_OUTPUT_OD_NOPULL_HIGH)
    boardInit                                0x08005c8d   Thumb Code   502  board.o(i.boardInit)
    boardPreInit                             0x08005ff5   Thumb Code     2  board.o(i.boardPreInit)
    brdCmd                                   0x08005ff9   Thumb Code   378  board.o(i.brdCmd)
    cw2217_setup                             0x080063d5   Thumb Code    44  cw2217.o(i.cw2217_setup)
    disk_setup                               0x08006889   Thumb Code     8  disk.o(i.disk_setup)
    fetchLineFromRingBuffer                  0x08006895   Thumb Code   216  uartdev.o(i.fetchLineFromRingBuffer)
    fetchLineFromRingBufferU8                0x08006971   Thumb Code     4  uartdev.o(i.fetchLineFromRingBufferU8)
    fetchLineFromRingBufferX                 0x08006975   Thumb Code   220  uartdev.o(i.fetchLineFromRingBufferX)
    led_flash_answer                         0x08006cb1   Thumb Code    10  led_flash.o(i.led_flash_answer)
    led_flash_init                           0x08006cf5   Thumb Code    18  led_flash.o(i.led_flash_init)
    log                                      0x08006d39   Thumb Code    74  user_log.o(i.log)
    logInitial                               0x08006d95   Thumb Code     6  user_log.o(i.logInitial)
    main                                     0x08006da1   Thumb Code    86  main.o(i.main)
    outputCmd                                0x08006e01   Thumb Code   574  outputcmd.o(i.outputCmd)
    outputCmdU8                              0x0800720d   Thumb Code     8  outputcmd.o(i.outputCmdU8)
    outputDevSetup                           0x08007219   Thumb Code    58  output.o(i.outputDevSetup)
    print                                    0x08007335   Thumb Code    56  board.o(i.print)
    printS                                   0x08007371   Thumb Code    24  board.o(i.printS)
    setupUartDev                             0x0800738d   Thumb Code   124  uartdev.o(i.setupUartDev)
    setup_appTmr                             0x0800742d   Thumb Code    40  app_timer.o(i.setup_appTmr)
    setup_cmdConsumer                        0x0800746d   Thumb Code    76  cmd_consumer.o(i.setup_cmdConsumer)
    stmFlsh_Cmd                              0x080074c9   Thumb Code   920  stm_flash_cmd.o(i.stmFlsh_Cmd)
    stmFlsh_format                           0x08007be9   Thumb Code    62  stm_flash.o(i.stmFlsh_format)
    stmFlsh_print                            0x08007c41   Thumb Code    58  stm_flash.o(i.stmFlsh_print)
    stmFlsh_read                             0x08007c95   Thumb Code    18  stm_flash.o(i.stmFlsh_read)
    stmFlsh_readDMA                          0x08007cad   Thumb Code     6  stm_flash.o(i.stmFlsh_readDMA)
    stmFlsh_write                            0x08007cb9   Thumb Code   226  stm_flash.o(i.stmFlsh_write)
    strFormat                                0x08007dcd   Thumb Code    28  misc.o(i.strFormat)
    taskIrq                                  0x08007de9   Thumb Code    32  task.o(i.taskIrq)
    taskPolling                              0x08007e0d   Thumb Code    38  task.o(i.taskPolling)
    usrRead                                  0x08008181   Thumb Code    24  disk.o(i.usrRead)
    usrWrite                                 0x0800819d   Thumb Code    24  disk.o(i.usrWrite)
    _get_lc_numeric                          0x080081b9   Thumb Code    44  lc_numeric_c.o(locale$$code)
    _get_lc_ctype                            0x080081e5   Thumb Code    44  lc_ctype_c.o(locale$$code)
    _fp_init                                 0x08008211   Thumb Code    10  fpinit.o(x$fpl$fpinit)
    __fplib_config_fpu_vfp                   0x08008219   Thumb Code     0  fpinit.o(x$fpl$fpinit)
    __fplib_config_pureend_doubles           0x08008219   Thumb Code     0  fpinit.o(x$fpl$fpinit)
    _printf_fp_dec                           0x0800821b   Thumb Code     4  printf1.o(x$fpl$printf1)
    _printf_fp_hex                           0x0800821f   Thumb Code     4  printf2.o(x$fpl$printf2)
    __I$use$fp                               0x08008222   Number         0  usenofp.o(x$fpl$usenofp)
    AHBPrescTable                            0x08008242   Data          16  system_stm32f3xx.o(.constdata)
    APBPrescTable                            0x08008252   Data           8  system_stm32f3xx.o(.constdata)
    RUNNING                                  0x0800825c   Data           8  board.o(.constdata)
    OUTPUT_PIN                               0x08008264   Data           8  board.o(.constdata)
    SDA1                                     0x0800826c   Data           8  board.o(.constdata)
    SCL1                                     0x08008274   Data           8  board.o(.constdata)
    SDA2                                     0x0800827c   Data           8  board.o(.constdata)
    SCL2                                     0x08008284   Data           8  board.o(.constdata)
    ABOUT                                    0x0800828c   Data          15  board.o(.constdata)
    COMMON_HELP                              0x0800829b   Data         243  board.o(.constdata)
    INPUT_PIN                                0x08008390   Data          16  board.o(.constdata)
    STM_FLSH_HELP                            0x080083d4   Data         112  stm_flash_cmd.o(.constdata)
    OUTPUT_HELP                              0x08008444   Data         183  outputcmd.o(.constdata)
    Region$$Table$$Base                      0x08008614   Number         0  anon$$obj.o(Region$$Table)
    Region$$Table$$Limit                     0x08008634   Number         0  anon$$obj.o(Region$$Table)
    __ctype                                  0x0800865d   Data           0  lc_ctype_c.o(locale$$data)
    uwTickFreq                               0x20000000   Data           1  stm32f3xx_hal.o(.data)
    uwTickPrio                               0x20000004   Data           4  stm32f3xx_hal.o(.data)
    uwTick                                   0x20000008   Data           4  stm32f3xx_hal.o(.data)
    SystemCoreClock                          0x2000000c   Data           4  system_stm32f3xx.o(.data)
    g_initalDone                             0x20000010   Data           1  board.o(.data)
    g_addrPre                                0x20000012   Data           4  board.o(.data)
    stmFlsh_tmr                              0x2000001c   Data           4  stm_flash.o(.data)
    CMD_END                                  0x20000038   Data           4  misc.o(.data)
    g_boardAddr                              0x2000003c   Data           1  misc.o(.data)
    hadc1                                    0x20000094   Data          48  main.o(.bss)
    hcrc                                     0x200000c4   Data          36  main.o(.bss)
    hspi1                                    0x200000e8   Data         100  main.o(.bss)
    hspi2                                    0x2000014c   Data         100  main.o(.bss)
    htim5                                    0x200001b0   Data          76  main.o(.bss)
    huart1                                   0x200001fc   Data         136  main.o(.bss)
    huart2                                   0x20000284   Data         136  main.o(.bss)
    huart3                                   0x2000030c   Data         136  main.o(.bss)
    pFlash                                   0x20000398   Data          32  stm32f3xx_hal_flash.o(.bss)
    tmr                                      0x200006b8   Data         768  board.o(.bss)
    cw2217                                   0x200009b8   Data         224  board.o(.bss)
    console                                  0x20000a98   Data         196  board.o(.bss)
    cmdConsumer                              0x20000b5c   Data         556  board.o(.bss)
    g_output                                 0x20000d88   Data          36  board.o(.bss)
    g_input                                  0x20000dac   Data          60  board.o(.bss)
    adcD                                     0x20000de8   Data         176  board.o(.bss)
    iicDev1                                  0x20000e98   Data          24  board.o(.bss)
    iicDev2                                  0x20000eb0   Data          24  board.o(.bss)
    __libspace_start                         0x20000f08   Data          96  libspace.o(.bss)
    __temporary_stack_top$libspace           0x20000f68   Data           0  libspace.o(.bss)



==============================================================================

Memory Map of the image

  Image Entry point : 0x08000189

  Load Region LR_IROM1 (Base: 0x08000000, Size: 0x000087f4, Max: 0x00040000, ABSOLUTE)

    Execution Region ER_IROM1 (Exec base: 0x08000000, Load base: 0x08000000, Size: 0x00008760, Max: 0x00040000, ABSOLUTE)

    Exec Addr    Load Addr    Size         Type   Attr      Idx    E Section Name        Object

    0x08000000   0x08000000   0x00000188   Data   RO            3    RESET               startup_stm32f373xc.o
    0x08000188   0x08000188   0x00000008   Code   RO         5670  * !!!main             c_w.l(__main.o)
    0x08000190   0x08000190   0x00000034   Code   RO         6017    !!!scatter          c_w.l(__scatter.o)
    0x080001c4   0x080001c4   0x0000001a   Code   RO         6019    !!handler_copy      c_w.l(__scatter_copy.o)
    0x080001de   0x080001de   0x00000002   PAD
    0x080001e0   0x080001e0   0x0000001c   Code   RO         6021    !!handler_zi        c_w.l(__scatter_zi.o)
    0x080001fc   0x080001fc   0x00000000   Code   RO         5760    .ARM.Collect$$_printf_percent$$00000000  c_w.l(_printf_percent.o)
    0x080001fc   0x080001fc   0x00000006   Code   RO         5749    .ARM.Collect$$_printf_percent$$00000001  c_w.l(_printf_n.o)
    0x08000202   0x08000202   0x00000006   Code   RO         5751    .ARM.Collect$$_printf_percent$$00000002  c_w.l(_printf_p.o)
    0x08000208   0x08000208   0x00000006   Code   RO         5756    .ARM.Collect$$_printf_percent$$00000003  c_w.l(_printf_f.o)
    0x0800020e   0x0800020e   0x00000006   Code   RO         5757    .ARM.Collect$$_printf_percent$$00000004  c_w.l(_printf_e.o)
    0x08000214   0x08000214   0x00000006   Code   RO         5758    .ARM.Collect$$_printf_percent$$00000005  c_w.l(_printf_g.o)
    0x0800021a   0x0800021a   0x00000006   Code   RO         5759    .ARM.Collect$$_printf_percent$$00000006  c_w.l(_printf_a.o)
    0x08000220   0x08000220   0x0000000a   Code   RO         5764    .ARM.Collect$$_printf_percent$$00000007  c_w.l(_printf_ll.o)
    0x0800022a   0x0800022a   0x00000006   Code   RO         5753    .ARM.Collect$$_printf_percent$$00000008  c_w.l(_printf_i.o)
    0x08000230   0x08000230   0x00000006   Code   RO         5754    .ARM.Collect$$_printf_percent$$00000009  c_w.l(_printf_d.o)
    0x08000236   0x08000236   0x00000006   Code   RO         5755    .ARM.Collect$$_printf_percent$$0000000A  c_w.l(_printf_u.o)
    0x0800023c   0x0800023c   0x00000006   Code   RO         5752    .ARM.Collect$$_printf_percent$$0000000B  c_w.l(_printf_o.o)
    0x08000242   0x08000242   0x00000006   Code   RO         5750    .ARM.Collect$$_printf_percent$$0000000C  c_w.l(_printf_x.o)
    0x08000248   0x08000248   0x00000006   Code   RO         5761    .ARM.Collect$$_printf_percent$$0000000D  c_w.l(_printf_lli.o)
    0x0800024e   0x0800024e   0x00000006   Code   RO         5762    .ARM.Collect$$_printf_percent$$0000000E  c_w.l(_printf_lld.o)
    0x08000254   0x08000254   0x00000006   Code   RO         5763    .ARM.Collect$$_printf_percent$$0000000F  c_w.l(_printf_llu.o)
    0x0800025a   0x0800025a   0x00000006   Code   RO         5768    .ARM.Collect$$_printf_percent$$00000010  c_w.l(_printf_llo.o)
    0x08000260   0x08000260   0x00000006   Code   RO         5769    .ARM.Collect$$_printf_percent$$00000011  c_w.l(_printf_llx.o)
    0x08000266   0x08000266   0x0000000a   Code   RO         5765    .ARM.Collect$$_printf_percent$$00000012  c_w.l(_printf_l.o)
    0x08000270   0x08000270   0x00000006   Code   RO         5747    .ARM.Collect$$_printf_percent$$00000013  c_w.l(_printf_c.o)
    0x08000276   0x08000276   0x00000006   Code   RO         5748    .ARM.Collect$$_printf_percent$$00000014  c_w.l(_printf_s.o)
    0x0800027c   0x0800027c   0x00000006   Code   RO         5766    .ARM.Collect$$_printf_percent$$00000015  c_w.l(_printf_lc.o)
    0x08000282   0x08000282   0x00000006   Code   RO         5767    .ARM.Collect$$_printf_percent$$00000016  c_w.l(_printf_ls.o)
    0x08000288   0x08000288   0x00000004   Code   RO         5820    .ARM.Collect$$_printf_percent$$00000017  c_w.l(_printf_percent_end.o)
    0x0800028c   0x0800028c   0x00000002   Code   RO         5875    .ARM.Collect$$libinit$$00000000  c_w.l(libinit.o)
    0x0800028e   0x0800028e   0x00000004   Code   RO         5897    .ARM.Collect$$libinit$$00000001  c_w.l(libinit2.o)
    0x08000292   0x08000292   0x00000000   Code   RO         5900    .ARM.Collect$$libinit$$00000004  c_w.l(libinit2.o)
    0x08000292   0x08000292   0x00000000   Code   RO         5903    .ARM.Collect$$libinit$$0000000A  c_w.l(libinit2.o)
    0x08000292   0x08000292   0x00000000   Code   RO         5905    .ARM.Collect$$libinit$$0000000C  c_w.l(libinit2.o)
    0x08000292   0x08000292   0x00000000   Code   RO         5907    .ARM.Collect$$libinit$$0000000E  c_w.l(libinit2.o)
    0x08000292   0x08000292   0x00000006   Code   RO         5908    .ARM.Collect$$libinit$$0000000F  c_w.l(libinit2.o)
    0x08000298   0x08000298   0x00000000   Code   RO         5910    .ARM.Collect$$libinit$$00000011  c_w.l(libinit2.o)
    0x08000298   0x08000298   0x0000000c   Code   RO         5911    .ARM.Collect$$libinit$$00000012  c_w.l(libinit2.o)
    0x080002a4   0x080002a4   0x00000000   Code   RO         5912    .ARM.Collect$$libinit$$00000013  c_w.l(libinit2.o)
    0x080002a4   0x080002a4   0x00000000   Code   RO         5914    .ARM.Collect$$libinit$$00000015  c_w.l(libinit2.o)
    0x080002a4   0x080002a4   0x0000000a   Code   RO         5915    .ARM.Collect$$libinit$$00000016  c_w.l(libinit2.o)
    0x080002ae   0x080002ae   0x00000000   Code   RO         5916    .ARM.Collect$$libinit$$00000017  c_w.l(libinit2.o)
    0x080002ae   0x080002ae   0x00000000   Code   RO         5918    .ARM.Collect$$libinit$$00000019  c_w.l(libinit2.o)
    0x080002ae   0x080002ae   0x00000000   Code   RO         5920    .ARM.Collect$$libinit$$0000001B  c_w.l(libinit2.o)
    0x080002ae   0x080002ae   0x00000000   Code   RO         5922    .ARM.Collect$$libinit$$0000001D  c_w.l(libinit2.o)
    0x080002ae   0x080002ae   0x00000000   Code   RO         5924    .ARM.Collect$$libinit$$0000001F  c_w.l(libinit2.o)
    0x080002ae   0x080002ae   0x00000000   Code   RO         5926    .ARM.Collect$$libinit$$00000021  c_w.l(libinit2.o)
    0x080002ae   0x080002ae   0x00000000   Code   RO         5928    .ARM.Collect$$libinit$$00000023  c_w.l(libinit2.o)
    0x080002ae   0x080002ae   0x00000000   Code   RO         5930    .ARM.Collect$$libinit$$00000025  c_w.l(libinit2.o)
    0x080002ae   0x080002ae   0x00000000   Code   RO         5934    .ARM.Collect$$libinit$$0000002C  c_w.l(libinit2.o)
    0x080002ae   0x080002ae   0x00000000   Code   RO         5936    .ARM.Collect$$libinit$$0000002E  c_w.l(libinit2.o)
    0x080002ae   0x080002ae   0x00000000   Code   RO         5938    .ARM.Collect$$libinit$$00000030  c_w.l(libinit2.o)
    0x080002ae   0x080002ae   0x00000000   Code   RO         5940    .ARM.Collect$$libinit$$00000032  c_w.l(libinit2.o)
    0x080002ae   0x080002ae   0x00000002   Code   RO         5941    .ARM.Collect$$libinit$$00000033  c_w.l(libinit2.o)
    0x080002b0   0x080002b0   0x00000002   Code   RO         5972    .ARM.Collect$$libshutdown$$00000000  c_w.l(libshutdown.o)
    0x080002b2   0x080002b2   0x00000000   Code   RO         5998    .ARM.Collect$$libshutdown$$00000002  c_w.l(libshutdown2.o)
    0x080002b2   0x080002b2   0x00000000   Code   RO         6000    .ARM.Collect$$libshutdown$$00000004  c_w.l(libshutdown2.o)
    0x080002b2   0x080002b2   0x00000000   Code   RO         6002    .ARM.Collect$$libshutdown$$00000006  c_w.l(libshutdown2.o)
    0x080002b2   0x080002b2   0x00000000   Code   RO         6005    .ARM.Collect$$libshutdown$$00000009  c_w.l(libshutdown2.o)
    0x080002b2   0x080002b2   0x00000000   Code   RO         6008    .ARM.Collect$$libshutdown$$0000000C  c_w.l(libshutdown2.o)
    0x080002b2   0x080002b2   0x00000000   Code   RO         6010    .ARM.Collect$$libshutdown$$0000000E  c_w.l(libshutdown2.o)
    0x080002b2   0x080002b2   0x00000000   Code   RO         6013    .ARM.Collect$$libshutdown$$00000011  c_w.l(libshutdown2.o)
    0x080002b2   0x080002b2   0x00000002   Code   RO         6014    .ARM.Collect$$libshutdown$$00000012  c_w.l(libshutdown2.o)
    0x080002b4   0x080002b4   0x00000000   Code   RO         5672    .ARM.Collect$$rtentry$$00000000  c_w.l(__rtentry.o)
    0x080002b4   0x080002b4   0x00000000   Code   RO         5787    .ARM.Collect$$rtentry$$00000002  c_w.l(__rtentry2.o)
    0x080002b4   0x080002b4   0x00000006   Code   RO         5799    .ARM.Collect$$rtentry$$00000004  c_w.l(__rtentry4.o)
    0x080002ba   0x080002ba   0x00000000   Code   RO         5789    .ARM.Collect$$rtentry$$00000009  c_w.l(__rtentry2.o)
    0x080002ba   0x080002ba   0x00000004   Code   RO         5790    .ARM.Collect$$rtentry$$0000000A  c_w.l(__rtentry2.o)
    0x080002be   0x080002be   0x00000000   Code   RO         5792    .ARM.Collect$$rtentry$$0000000C  c_w.l(__rtentry2.o)
    0x080002be   0x080002be   0x00000008   Code   RO         5793    .ARM.Collect$$rtentry$$0000000D  c_w.l(__rtentry2.o)
    0x080002c6   0x080002c6   0x00000002   Code   RO         5884    .ARM.Collect$$rtexit$$00000000  c_w.l(rtexit.o)
    0x080002c8   0x080002c8   0x00000000   Code   RO         5945    .ARM.Collect$$rtexit$$00000002  c_w.l(rtexit2.o)
    0x080002c8   0x080002c8   0x00000004   Code   RO         5946    .ARM.Collect$$rtexit$$00000003  c_w.l(rtexit2.o)
    0x080002cc   0x080002cc   0x00000006   Code   RO         5947    .ARM.Collect$$rtexit$$00000004  c_w.l(rtexit2.o)
    0x080002d2   0x080002d2   0x00000002   PAD
    0x080002d4   0x080002d4   0x00000040   Code   RO            4    .text               startup_stm32f373xc.o
    0x08000314   0x08000314   0x000000ee   Code   RO         5634    .text               c_w.l(lludivv7m.o)
    0x08000402   0x08000402   0x00000026   Code   RO         5636    .text               c_w.l(llushr.o)
    0x08000428   0x08000428   0x00000048   Code   RO         5638    .text               c_w.l(llsdiv.o)
    0x08000470   0x08000470   0x00000034   Code   RO         5640    .text               c_w.l(vsnprintf.o)
    0x080004a4   0x080004a4   0x0000003c   Code   RO         5642    .text               c_w.l(__0sscanf.o)
    0x080004e0   0x080004e0   0x0000014c   Code   RO         5644    .text               c_w.l(_scanf_int.o)
    0x0800062c   0x0800062c   0x00000024   Code   RO         5646    .text               c_w.l(strstr.o)
    0x08000650   0x08000650   0x00000058   Code   RO         5648    .text               c_w.l(memcmp.o)
    0x080006a8   0x080006a8   0x00000048   Code   RO         5650    .text               c_w.l(strcpy.o)
    0x080006f0   0x080006f0   0x0000003e   Code   RO         5652    .text               c_w.l(strlen.o)
    0x0800072e   0x0800072e   0x00000096   Code   RO         5654    .text               c_w.l(strncmp.o)
    0x080007c4   0x080007c4   0x00000018   Code   RO         5656    .text               c_w.l(strcat.o)
    0x080007dc   0x080007dc   0x0000008a   Code   RO         5658    .text               c_w.l(rt_memcpy_v6.o)
    0x08000866   0x08000866   0x00000084   Code   RO         5660    .text               c_w.l(rt_memmove_v6.o)
    0x080008ea   0x080008ea   0x00000064   Code   RO         5662    .text               c_w.l(rt_memcpy_w.o)
    0x0800094e   0x0800094e   0x00000044   Code   RO         5664    .text               c_w.l(rt_memclr.o)
    0x08000992   0x08000992   0x0000004e   Code   RO         5666    .text               c_w.l(rt_memclr_w.o)
    0x080009e0   0x080009e0   0x00000006   Code   RO         5668    .text               c_w.l(heapauxi.o)
    0x080009e6   0x080009e6   0x0000004e   Code   RO         5679    .text               c_w.l(_printf_pad.o)
    0x08000a34   0x08000a34   0x00000024   Code   RO         5681    .text               c_w.l(_printf_truncate.o)
    0x08000a58   0x08000a58   0x00000052   Code   RO         5683    .text               c_w.l(_printf_str.o)
    0x08000aaa   0x08000aaa   0x00000002   PAD
    0x08000aac   0x08000aac   0x00000078   Code   RO         5685    .text               c_w.l(_printf_dec.o)
    0x08000b24   0x08000b24   0x00000028   Code   RO         5687    .text               c_w.l(_printf_charcount.o)
    0x08000b4c   0x08000b4c   0x00000030   Code   RO         5689    .text               c_w.l(_printf_char_common.o)
    0x08000b7c   0x08000b7c   0x0000000a   Code   RO         5691    .text               c_w.l(_sputc.o)
    0x08000b86   0x08000b86   0x00000010   Code   RO         5693    .text               c_w.l(_snputc.o)
    0x08000b96   0x08000b96   0x00000002   PAD
    0x08000b98   0x08000b98   0x000000bc   Code   RO         5695    .text               c_w.l(_printf_wctomb.o)
    0x08000c54   0x08000c54   0x0000007c   Code   RO         5698    .text               c_w.l(_printf_longlong_dec.o)
    0x08000cd0   0x08000cd0   0x00000070   Code   RO         5704    .text               c_w.l(_printf_oct_int_ll.o)
    0x08000d40   0x08000d40   0x00000094   Code   RO         5724    .text               c_w.l(_printf_hex_int_ll_ptr.o)
    0x08000dd4   0x08000dd4   0x00000188   Code   RO         5744    .text               c_w.l(__printf_flags_ss_wp.o)
    0x08000f5c   0x08000f5c   0x0000001c   Code   RO         5770    .text               c_w.l(_chval.o)
    0x08000f78   0x08000f78   0x0000002c   Code   RO         5772    .text               c_w.l(scanf_char.o)
    0x08000fa4   0x08000fa4   0x00000040   Code   RO         5774    .text               c_w.l(_sgetc.o)
    0x08000fe4   0x08000fe4   0x0000007a   Code   RO         5776    .text               c_w.l(rt_memmove_w.o)
    0x0800105e   0x0800105e   0x0000008a   Code   RO         5803    .text               c_w.l(lludiv10.o)
    0x080010e8   0x080010e8   0x00000012   Code   RO         5805    .text               c_w.l(isspace.o)
    0x080010fa   0x080010fa   0x000000b2   Code   RO         5807    .text               c_w.l(_printf_intcommon.o)
    0x080011ac   0x080011ac   0x0000041e   Code   RO         5809    .text               c_w.l(_printf_fp_dec.o)
    0x080015ca   0x080015ca   0x00000002   PAD
    0x080015cc   0x080015cc   0x000002fc   Code   RO         5811    .text               c_w.l(_printf_fp_hex.o)
    0x080018c8   0x080018c8   0x0000002c   Code   RO         5816    .text               c_w.l(_printf_char.o)
    0x080018f4   0x080018f4   0x0000002c   Code   RO         5818    .text               c_w.l(_printf_wchar.o)
    0x08001920   0x08001920   0x00000374   Code   RO         5821    .text               c_w.l(_scanf.o)
    0x08001c94   0x08001c94   0x00000040   Code   RO         5823    .text               c_w.l(_wcrtomb.o)
    0x08001cd4   0x08001cd4   0x0000004a   Code   RO         5825    .text               c_w.l(sys_stackheap_outer.o)
    0x08001d1e   0x08001d1e   0x00000002   PAD
    0x08001d20   0x08001d20   0x00000010   Code   RO         5827    .text               c_w.l(rt_ctype_table.o)
    0x08001d30   0x08001d30   0x00000008   Code   RO         5832    .text               c_w.l(rt_locale_intlibspace.o)
    0x08001d38   0x08001d38   0x00000080   Code   RO         5834    .text               c_w.l(_printf_fp_infnan.o)
    0x08001db8   0x08001db8   0x000000e4   Code   RO         5836    .text               c_w.l(bigflt0.o)
    0x08001e9c   0x08001e9c   0x00000012   Code   RO         5864    .text               c_w.l(exit.o)
    0x08001eae   0x08001eae   0x00000002   PAD
    0x08001eb0   0x08001eb0   0x00000008   Code   RO         5881    .text               c_w.l(libspace.o)
    0x08001eb8   0x08001eb8   0x00000080   Code   RO         5895    .text               c_w.l(strcmpv7m.o)
    0x08001f38   0x08001f38   0x0000000c   Code   RO         5942    .text               c_w.l(sys_exit.o)
    0x08001f44   0x08001f44   0x00000002   Code   RO         5961    .text               c_w.l(use_no_semi.o)
    0x08001f46   0x08001f46   0x00000000   Code   RO         5963    .text               c_w.l(indicate_semi.o)
    0x08001f46   0x08001f46   0x0000003e   Code   RO         5839    CL$$btod_d2e        c_w.l(btod.o)
    0x08001f84   0x08001f84   0x00000046   Code   RO         5841    CL$$btod_d2e_denorm_low  c_w.l(btod.o)
    0x08001fca   0x08001fca   0x00000060   Code   RO         5840    CL$$btod_d2e_norm_op1  c_w.l(btod.o)
    0x0800202a   0x0800202a   0x00000338   Code   RO         5849    CL$$btod_div_common  c_w.l(btod.o)
    0x08002362   0x08002362   0x000000dc   Code   RO         5846    CL$$btod_e2e        c_w.l(btod.o)
    0x0800243e   0x0800243e   0x0000002a   Code   RO         5843    CL$$btod_ediv       c_w.l(btod.o)
    0x08002468   0x08002468   0x0000002a   Code   RO         5842    CL$$btod_emul       c_w.l(btod.o)
    0x08002492   0x08002492   0x00000244   Code   RO         5848    CL$$btod_mult_common  c_w.l(btod.o)
    0x080026d6   0x080026d6   0x00000002   PAD
    0x080026d8   0x080026d8   0x00000056   Code   RO          597    i.ADC_ConversionStop_Disable  stm32f3xx_hal_adc_ex.o
    0x0800272e   0x0800272e   0x00000002   PAD
    0x08002730   0x08002730   0x0000007c   Code   RO          601    i.ADC_Enable        stm32f3xx_hal_adc_ex.o
    0x080027ac   0x080027ac   0x00000078   Code   RO         5461    i.ADC_Setup         adc_dev.o
    0x08002824   0x08002824   0x00000002   Code   RO          248    i.BusFault_Handler  stm32f3xx_it.o
    0x08002826   0x08002826   0x00000038   Code   RO         5250    i.CRC16             crc16.o
    0x0800285e   0x0800285e   0x00000002   Code   RO          249    i.DebugMon_Handler  stm32f3xx_it.o
    0x08002860   0x08002860   0x00000004   Code   RO           13    i.Error_Handler     main.o
    0x08002864   0x08002864   0x00000024   Code   RO         1652    i.FLASH_MassErase   stm32f3xx_hal_flash_ex.o
    0x08002888   0x08002888   0x00000024   Code   RO         1657    i.FLASH_PageErase   stm32f3xx_hal_flash_ex.o
    0x080028ac   0x080028ac   0x0000001c   Code   RO         1549    i.FLASH_Program_HalfWord  stm32f3xx_hal_flash.o
    0x080028c8   0x080028c8   0x00000034   Code   RO         1550    i.FLASH_SetErrorCode  stm32f3xx_hal_flash.o
    0x080028fc   0x080028fc   0x00000050   Code   RO         1551    i.FLASH_WaitForLastOperation  stm32f3xx_hal_flash.o
    0x0800294c   0x0800294c   0x000000c6   Code   RO          602    i.HAL_ADCEx_Calibration_Start  stm32f3xx_hal_adc_ex.o
    0x08002a12   0x08002a12   0x00000002   PAD
    0x08002a14   0x08002a14   0x000000f8   Code   RO          612    i.HAL_ADC_ConfigChannel  stm32f3xx_hal_adc_ex.o
    0x08002b0c   0x08002b0c   0x00000006   Code   RO          614    i.HAL_ADC_GetValue  stm32f3xx_hal_adc_ex.o
    0x08002b12   0x08002b12   0x00000002   PAD
    0x08002b14   0x08002b14   0x0000011c   Code   RO          616    i.HAL_ADC_Init      stm32f3xx_hal_adc_ex.o
    0x08002c30   0x08002c30   0x0000005c   Code   RO          358    i.HAL_ADC_MspInit   stm32f3xx_hal_msp.o
    0x08002c8c   0x08002c8c   0x00000148   Code   RO          617    i.HAL_ADC_PollForConversion  stm32f3xx_hal_adc_ex.o
    0x08002dd4   0x08002dd4   0x00000082   Code   RO          619    i.HAL_ADC_Start     stm32f3xx_hal_adc_ex.o
    0x08002e56   0x08002e56   0x00000034   Code   RO          622    i.HAL_ADC_Stop      stm32f3xx_hal_adc_ex.o
    0x08002e8a   0x08002e8a   0x00000002   PAD
    0x08002e8c   0x08002e8c   0x00000054   Code   RO         2407    i.HAL_CRCEx_Polynomial_Set  stm32f3xx_hal_crc_ex.o
    0x08002ee0   0x08002ee0   0x00000074   Code   RO         2341    i.HAL_CRC_Init      stm32f3xx_hal_crc.o
    0x08002f54   0x08002f54   0x00000028   Code   RO          360    i.HAL_CRC_MspInit   stm32f3xx_hal_msp.o
    0x08002f7c   0x08002f7c   0x00000046   Code   RO         1166    i.HAL_DMA_Abort     stm32f3xx_hal_dma.o
    0x08002fc2   0x08002fc2   0x0000004a   Code   RO         1167    i.HAL_DMA_Abort_IT  stm32f3xx_hal_dma.o
    0x0800300c   0x0800300c   0x000000a8   Code   RO         1658    i.HAL_FLASHEx_Erase  stm32f3xx_hal_flash_ex.o
    0x080030b4   0x080030b4   0x00000014   Code   RO         1555    i.HAL_FLASH_Lock    stm32f3xx_hal_flash.o
    0x080030c8   0x080030c8   0x00000080   Code   RO         1560    i.HAL_FLASH_Program  stm32f3xx_hal_flash.o
    0x08003148   0x08003148   0x00000028   Code   RO         1562    i.HAL_FLASH_Unlock  stm32f3xx_hal_flash.o
    0x08003170   0x08003170   0x000001d0   Code   RO         1101    i.HAL_GPIO_Init     stm32f3xx_hal_gpio.o
    0x08003340   0x08003340   0x0000000a   Code   RO         1103    i.HAL_GPIO_ReadPin  stm32f3xx_hal_gpio.o
    0x0800334a   0x0800334a   0x00000010   Code   RO         1104    i.HAL_GPIO_TogglePin  stm32f3xx_hal_gpio.o
    0x0800335a   0x0800335a   0x0000000a   Code   RO         1105    i.HAL_GPIO_WritePin  stm32f3xx_hal_gpio.o
    0x08003364   0x08003364   0x0000000c   Code   RO          789    i.HAL_GetTick       stm32f3xx_hal.o
    0x08003370   0x08003370   0x00000010   Code   RO          795    i.HAL_IncTick       stm32f3xx_hal.o
    0x08003380   0x08003380   0x00000024   Code   RO          796    i.HAL_Init          stm32f3xx_hal.o
    0x080033a4   0x080033a4   0x00000040   Code   RO          797    i.HAL_InitTick      stm32f3xx_hal.o
    0x080033e4   0x080033e4   0x0000002c   Code   RO          361    i.HAL_MspInit       stm32f3xx_hal_msp.o
    0x08003410   0x08003410   0x0000001a   Code   RO         1269    i.HAL_NVIC_EnableIRQ  stm32f3xx_hal_cortex.o
    0x0800342a   0x0800342a   0x00000002   PAD
    0x0800342c   0x0800342c   0x00000040   Code   RO         1275    i.HAL_NVIC_SetPriority  stm32f3xx_hal_cortex.o
    0x0800346c   0x0800346c   0x00000024   Code   RO         1276    i.HAL_NVIC_SetPriorityGrouping  stm32f3xx_hal_cortex.o
    0x08003490   0x08003490   0x00000024   Code   RO         1277    i.HAL_NVIC_SystemReset  stm32f3xx_hal_cortex.o
    0x080034b4   0x080034b4   0x000001d0   Code   RO         1058    i.HAL_RCCEx_PeriphCLKConfig  stm32f3xx_hal_rcc_ex.o
    0x08003684   0x08003684   0x00000148   Code   RO          953    i.HAL_RCC_ClockConfig  stm32f3xx_hal_rcc.o
    0x080037cc   0x080037cc   0x00000030   Code   RO          960    i.HAL_RCC_GetPCLK1Freq  stm32f3xx_hal_rcc.o
    0x080037fc   0x080037fc   0x00000030   Code   RO          961    i.HAL_RCC_GetPCLK2Freq  stm32f3xx_hal_rcc.o
    0x0800382c   0x0800382c   0x00000070   Code   RO          962    i.HAL_RCC_GetSysClockFreq  stm32f3xx_hal_rcc.o
    0x0800389c   0x0800389c   0x000005c8   Code   RO          965    i.HAL_RCC_OscConfig  stm32f3xx_hal_rcc.o
    0x08003e64   0x08003e64   0x00000002   Code   RO         4275    i.HAL_SPI_ErrorCallback  board.o
    0x08003e66   0x08003e66   0x00000002   PAD
    0x08003e68   0x08003e68   0x000000fc   Code   RO         2451    i.HAL_SPI_IRQHandler  stm32f3xx_hal_spi.o
    0x08003f64   0x08003f64   0x000000ea   Code   RO         2452    i.HAL_SPI_Init      stm32f3xx_hal_spi.o
    0x0800404e   0x0800404e   0x00000002   PAD
    0x08004050   0x08004050   0x000000e0   Code   RO          363    i.HAL_SPI_MspInit   stm32f3xx_hal_msp.o
    0x08004130   0x08004130   0x00000028   Code   RO         1280    i.HAL_SYSTICK_Config  stm32f3xx_hal_cortex.o
    0x08004158   0x08004158   0x00000088   Code   RO         3517    i.HAL_TIMEx_MasterConfigSynchronization  stm32f3xx_hal_tim_ex.o
    0x080041e0   0x080041e0   0x00000050   Code   RO          364    i.HAL_TIM_MspPostInit  stm32f3xx_hal_msp.o
    0x08004230   0x08004230   0x000000cc   Code   RO         2866    i.HAL_TIM_PWM_ConfigChannel  stm32f3xx_hal_tim.o
    0x080042fc   0x080042fc   0x0000005a   Code   RO         2869    i.HAL_TIM_PWM_Init  stm32f3xx_hal_tim.o
    0x08004356   0x08004356   0x00000002   PAD
    0x08004358   0x08004358   0x00000028   Code   RO          366    i.HAL_TIM_PWM_MspInit  stm32f3xx_hal_msp.o
    0x08004380   0x08004380   0x00000002   Code   RO         3774    i.HAL_UARTEx_RxEventCallback  stm32f3xx_hal_uart.o
    0x08004382   0x08004382   0x00000002   Code   RO         4166    i.HAL_UARTEx_WakeupCallback  stm32f3xx_hal_uart_ex.o
    0x08004384   0x08004384   0x00000002   Code   RO         3778    i.HAL_UART_AbortReceiveCpltCallback  stm32f3xx_hal_uart.o
    0x08004386   0x08004386   0x00000002   PAD
    0x08004388   0x08004388   0x000000b8   Code   RO         3779    i.HAL_UART_AbortReceive_IT  stm32f3xx_hal_uart.o
    0x08004440   0x08004440   0x00000002   Code   RO         3790    i.HAL_UART_ErrorCallback  stm32f3xx_hal_uart.o
    0x08004442   0x08004442   0x00000002   PAD
    0x08004444   0x08004444   0x000002b8   Code   RO         3793    i.HAL_UART_IRQHandler  stm32f3xx_hal_uart.o
    0x080046fc   0x080046fc   0x00000066   Code   RO         3794    i.HAL_UART_Init     stm32f3xx_hal_uart.o
    0x08004762   0x08004762   0x00000002   PAD
    0x08004764   0x08004764   0x00000114   Code   RO          368    i.HAL_UART_MspInit  stm32f3xx_hal_msp.o
    0x08004878   0x08004878   0x0000003c   Code   RO         3799    i.HAL_UART_Receive_IT  stm32f3xx_hal_uart.o
    0x080048b4   0x080048b4   0x00000002   Code   RO         4279    i.HAL_UART_RxCpltCallback  board.o
    0x080048b6   0x080048b6   0x00000002   PAD
    0x080048b8   0x080048b8   0x0000005c   Code   RO         3805    i.HAL_UART_Transmit_IT  stm32f3xx_hal_uart.o
    0x08004914   0x08004914   0x00000028   Code   RO         4280    i.HAL_UART_TxCpltCallback  board.o
    0x0800493c   0x0800493c   0x00000002   Code   RO          250    i.HardFault_Handler  stm32f3xx_it.o
    0x0800493e   0x0800493e   0x00000002   PAD
    0x08004940   0x08004940   0x00000038   Code   RO         5166    i.IIC_IO_Setup      iic_io.o
    0x08004978   0x08004978   0x0000004a   Code   RO         5167    i.IIC_RESTART       iic_io.o
    0x080049c2   0x080049c2   0x0000005a   Code   RO         5168    i.IIC_ReadByte      iic_io.o
    0x08004a1c   0x08004a1c   0x0000003e   Code   RO         5169    i.IIC_STOP          iic_io.o
    0x08004a5a   0x08004a5a   0x00000042   Code   RO         5170    i.IIC_WaitAck       iic_io.o
    0x08004a9c   0x08004a9c   0x0000005a   Code   RO         5171    i.IIC_WriteByte     iic_io.o
    0x08004af6   0x08004af6   0x0000000c   Code   RO         5172    i.IIC_delayUs       iic_io.o
    0x08004b02   0x08004b02   0x00000002   PAD
    0x08004b04   0x08004b04   0x0000003c   Code   RO         5015    i.InputDevSetup     input.o
    0x08004b40   0x08004b40   0x000000dc   Code   RO           14    i.MX_ADC1_Init      main.o
    0x08004c1c   0x08004c1c   0x0000017c   Code   RO           15    i.MX_GPIO_Init      main.o
    0x08004d98   0x08004d98   0x0000004c   Code   RO           16    i.MX_SPI1_Init      main.o
    0x08004de4   0x08004de4   0x0000004c   Code   RO           17    i.MX_SPI2_Init      main.o
    0x08004e30   0x08004e30   0x0000009c   Code   RO           18    i.MX_TIM5_Init      main.o
    0x08004ecc   0x08004ecc   0x00000038   Code   RO           19    i.MX_USART1_UART_Init  main.o
    0x08004f04   0x08004f04   0x00000038   Code   RO           20    i.MX_USART2_UART_Init  main.o
    0x08004f3c   0x08004f3c   0x00000038   Code   RO           21    i.MX_USART3_UART_Init  main.o
    0x08004f74   0x08004f74   0x00000002   Code   RO          251    i.MemManage_Handler  stm32f3xx_it.o
    0x08004f76   0x08004f76   0x00000002   Code   RO          252    i.NMI_Handler       stm32f3xx_it.o
    0x08004f78   0x08004f78   0x00000002   Code   RO          253    i.PendSV_Handler    stm32f3xx_it.o
    0x08004f7a   0x08004f7a   0x00000010   Code   RO         4954    i.RingBuffer_Init   ring_buffer.o
    0x08004f8a   0x08004f8a   0x00000030   Code   RO         4955    i.RingBuffer_Insert  ring_buffer.o
    0x08004fba   0x08004fba   0x0000007a   Code   RO         4956    i.RingBuffer_InsertMult  ring_buffer.o
    0x08005034   0x08005034   0x00000010   Code   RO         4957    i.RingBuffer_IsEmpty  ring_buffer.o
    0x08005044   0x08005044   0x00000014   Code   RO         4958    i.RingBuffer_IsFull  ring_buffer.o
    0x08005058   0x08005058   0x00000030   Code   RO         4959    i.RingBuffer_Pop    ring_buffer.o
    0x08005088   0x08005088   0x00000076   Code   RO         4960    i.RingBuffer_PopMult  ring_buffer.o
    0x080050fe   0x080050fe   0x00000002   PAD
    0x08005100   0x08005100   0x0000000c   Code   RO          254    i.SPI1_IRQHandler   stm32f3xx_it.o
    0x0800510c   0x0800510c   0x0000000c   Code   RO          255    i.SPI2_IRQHandler   stm32f3xx_it.o
    0x08005118   0x08005118   0x00000012   Code   RO         2479    i.SPI_DMAAbortOnError  stm32f3xx_hal_spi.o
    0x0800512a   0x0800512a   0x00000002   Code   RO          256    i.SVC_Handler       stm32f3xx_it.o
    0x0800512c   0x0800512c   0x0000000e   Code   RO          257    i.SysTick_Handler   stm32f3xx_it.o
    0x0800513a   0x0800513a   0x0000007c   Code   RO           22    i.SystemClock_Config  main.o
    0x080051b6   0x080051b6   0x00000002   PAD
    0x080051b8   0x080051b8   0x00000010   Code   RO         4236    i.SystemInit        system_stm32f3xx.o
    0x080051c8   0x080051c8   0x000000c8   Code   RO         2887    i.TIM_Base_SetConfig  stm32f3xx_hal_tim.o
    0x08005290   0x08005290   0x00000070   Code   RO         2900    i.TIM_OC1_SetConfig  stm32f3xx_hal_tim.o
    0x08005300   0x08005300   0x00000060   Code   RO         2901    i.TIM_OC2_SetConfig  stm32f3xx_hal_tim.o
    0x08005360   0x08005360   0x0000002e   Code   RO         2902    i.TIM_OC3_SetConfig  stm32f3xx_hal_tim.o
    0x0800538e   0x0800538e   0x00000030   Code   RO         2903    i.TIM_OC4_SetConfig  stm32f3xx_hal_tim.o
    0x080053be   0x080053be   0x000000c8   Code   RO         3808    i.UART_AdvFeatureConfig  stm32f3xx_hal_uart.o
    0x08005486   0x08005486   0x000000a8   Code   RO         3809    i.UART_CheckIdleState  stm32f3xx_hal_uart.o
    0x0800552e   0x0800552e   0x00000014   Code   RO         3810    i.UART_DMAAbortOnError  stm32f3xx_hal_uart.o
    0x08005542   0x08005542   0x00000028   Code   RO         3815    i.UART_DMARxOnlyAbortCallback  stm32f3xx_hal_uart.o
    0x0800556a   0x0800556a   0x0000004c   Code   RO         3820    i.UART_EndRxTransfer  stm32f3xx_hal_uart.o
    0x080055b6   0x080055b6   0x000000be   Code   RO         3822    i.UART_RxISR_16BIT  stm32f3xx_hal_uart.o
    0x08005674   0x08005674   0x000000be   Code   RO         3823    i.UART_RxISR_8BIT   stm32f3xx_hal_uart.o
    0x08005732   0x08005732   0x00000002   PAD
    0x08005734   0x08005734   0x0000017c   Code   RO         3824    i.UART_SetConfig    stm32f3xx_hal_uart.o
    0x080058b0   0x080058b0   0x000000a4   Code   RO         3826    i.UART_Start_Receive_IT  stm32f3xx_hal_uart.o
    0x08005954   0x08005954   0x00000050   Code   RO         3827    i.UART_TxISR_16BIT  stm32f3xx_hal_uart.o
    0x080059a4   0x080059a4   0x0000004c   Code   RO         3828    i.UART_TxISR_8BIT   stm32f3xx_hal_uart.o
    0x080059f0   0x080059f0   0x0000008c   Code   RO         3829    i.UART_WaitOnFlagUntilTimeout  stm32f3xx_hal_uart.o
    0x08005a7c   0x08005a7c   0x0000000c   Code   RO          258    i.USART1_IRQHandler  stm32f3xx_it.o
    0x08005a88   0x08005a88   0x0000000c   Code   RO          259    i.USART2_IRQHandler  stm32f3xx_it.o
    0x08005a94   0x08005a94   0x0000000c   Code   RO          260    i.USART3_IRQHandler  stm32f3xx_it.o
    0x08005aa0   0x08005aa0   0x00000002   Code   RO          261    i.UsageFault_Handler  stm32f3xx_it.o
    0x08005aa2   0x08005aa2   0x00000030   Code   RO         5879    i.__ARM_fpclassify  m_wm.l(fpclassify.o)
    0x08005ad2   0x08005ad2   0x00000020   Code   RO         1282    i.__NVIC_SetPriority  stm32f3xx_hal_cortex.o
    0x08005af2   0x08005af2   0x0000000e   Code   RO         5737    i._is_digit         c_w.l(__printf_wp.o)
    0x08005b00   0x08005b00   0x00000008   Code   RO         5462    i.adcDevRead        adc_dev.o
    0x08005b08   0x08005b08   0x0000001e   Code   RO         5463    i.adcDevReadAvr     adc_dev.o
    0x08005b26   0x08005b26   0x00000002   PAD
    0x08005b28   0x08005b28   0x00000018   Code   RO         5464    i.adcDevStart       adc_dev.o
    0x08005b40   0x08005b40   0x00000014   Code   RO         5465    i.adcDevStop        adc_dev.o
    0x08005b54   0x08005b54   0x00000056   Code   RO         5466    i.adcDevTimHandler  adc_dev.o
    0x08005baa   0x08005baa   0x00000028   Code   RO         4736    i.appTmr_delay      app_timer.o
    0x08005bd2   0x08005bd2   0x0000003a   Code   RO         4737    i.appTmr_isr        app_timer.o
    0x08005c0c   0x08005c0c   0x0000002c   Code   RO         4738    i.appTmr_polling    app_timer.o
    0x08005c38   0x08005c38   0x0000001e   Code   RO         4739    i.appTmr_start      app_timer.o
    0x08005c56   0x08005c56   0x00000004   Code   RO         4740    i.appTmr_status     app_timer.o
    0x08005c5a   0x08005c5a   0x00000006   Code   RO         4741    i.appTmr_stop       app_timer.o
    0x08005c60   0x08005c60   0x0000002a   Code   RO         5271    i.as_OUTPUT_OD_NOPULL_HIGH  gpiodecal.o
    0x08005c8a   0x08005c8a   0x00000002   PAD
    0x08005c8c   0x08005c8c   0x00000368   Code   RO         4281    i.boardInit         board.o
    0x08005ff4   0x08005ff4   0x00000002   Code   RO         4282    i.boardPreInit      board.o
    0x08005ff6   0x08005ff6   0x00000002   PAD
    0x08005ff8   0x08005ff8   0x00000310   Code   RO         4283    i.brdCmd            board.o
    0x08006308   0x08006308   0x00000008   Code   RO         4284    i.brdCmdU8          board.o
    0x08006310   0x08006310   0x0000005e   Code   RO         4791    i.cmdConsumerTmr_handle  cmd_consumer.o
    0x0800636e   0x0800636e   0x00000002   PAD
    0x08006370   0x08006370   0x0000003e   Code   RO         4792    i.cmdConsumer_append  cmd_consumer.o
    0x080063ae   0x080063ae   0x00000004   Code   RO         4793    i.cmdConsumer_remove  cmd_consumer.o
    0x080063b2   0x080063b2   0x00000002   PAD
    0x080063b4   0x080063b4   0x00000018   Code   RO         4794    i.cmdConsumer_start  cmd_consumer.o
    0x080063cc   0x080063cc   0x00000008   Code   RO         4795    i.cmdConsumer_stop  cmd_consumer.o
    0x080063d4   0x080063d4   0x00000044   Code   RO         5552    i.cw2217_setup      cw2217.o
    0x08006418   0x08006418   0x00000080   Code   RO         5553    i.cw221X_get_state  cw2217.o
    0x08006498   0x08006498   0x0000004a   Code   RO         5554    i.cw221X_sleep      cw2217.o
    0x080064e2   0x080064e2   0x0000004a   Code   RO         5555    i.cw221X_startActive  cw2217.o
    0x0800652c   0x0800652c   0x000000cc   Code   RO         5556    i.cw_config_start_ic  cw2217.o
    0x080065f8   0x080065f8   0x00000022   Code   RO         5557    i.cw_get_chip_id    cw2217.o
    0x0800661a   0x0800661a   0x0000006c   Code   RO         5558    i.cw_get_current    cw2217.o
    0x08006686   0x08006686   0x00000034   Code   RO         5559    i.cw_get_voltage    cw2217.o
    0x080066ba   0x080066ba   0x00000002   PAD
    0x080066bc   0x080066bc   0x00000084   Code   RO         5560    i.cw_init           cw2217.o
    0x08006740   0x08006740   0x000000fc   Code   RO         5561    i.cw_update_data    cw2217.o
    0x0800683c   0x0800683c   0x0000004c   Code   RO         5562    i.cw_write_profile  cw2217.o
    0x08006888   0x08006888   0x0000000c   Code   RO         4570    i.disk_setup        disk.o
    0x08006894   0x08006894   0x000000dc   Code   RO         4846    i.fetchLineFromRingBuffer  uartdev.o
    0x08006970   0x08006970   0x00000004   Code   RO         4847    i.fetchLineFromRingBufferU8  uartdev.o
    0x08006974   0x08006974   0x000000dc   Code   RO         4848    i.fetchLineFromRingBufferX  uartdev.o
    0x08006a50   0x08006a50   0x00000020   Code   RO         4285    i.forwardToBus      board.o
    0x08006a70   0x08006a70   0x00000010   Code   RO         5173    i.iic_io_Read       iic_io.o
    0x08006a80   0x08006a80   0x00000010   Code   RO         5174    i.iic_io_Read_Reg16  iic_io.o
    0x08006a90   0x08006a90   0x00000010   Code   RO         5175    i.iic_io_Write      iic_io.o
    0x08006aa0   0x08006aa0   0x00000010   Code   RO         5176    i.iic_io_Write_Reg16  iic_io.o
    0x08006ab0   0x08006ab0   0x000000e0   Code   RO         5177    i.iicioRead         iic_io.o
    0x08006b90   0x08006b90   0x0000008a   Code   RO         5178    i.iicioWrite        iic_io.o
    0x08006c1a   0x08006c1a   0x0000007a   Code   RO         5016    i.inputPolling      input.o
    0x08006c94   0x08006c94   0x0000001a   Code   RO         5017    i.inputReadPin      input.o
    0x08006cae   0x08006cae   0x00000002   PAD
    0x08006cb0   0x08006cb0   0x00000010   Code   RO         4641    i.led_flash_answer  led_flash.o
    0x08006cc0   0x08006cc0   0x00000034   Code   RO         4642    i.led_flash_handler  led_flash.o
    0x08006cf4   0x08006cf4   0x00000018   Code   RO         4643    i.led_flash_init    led_flash.o
    0x08006d0c   0x08006d0c   0x0000002c   Code   RO         4644    i.led_flash_setTickTmr  led_flash.o
    0x08006d38   0x08006d38   0x0000005c   Code   RO         5510    i.log               user_log.o
    0x08006d94   0x08006d94   0x0000000c   Code   RO         5511    i.logInitial        user_log.o
    0x08006da0   0x08006da0   0x00000060   Code   RO           23    i.main              main.o
    0x08006e00   0x08006e00   0x0000040c   Code   RO         5130    i.outputCmd         outputcmd.o
    0x0800720c   0x0800720c   0x0000000c   Code   RO         5131    i.outputCmdU8       outputcmd.o
    0x08007218   0x08007218   0x00000050   Code   RO         5088    i.outputDevSetup    output.o
    0x08007268   0x08007268   0x0000004a   Code   RO         5089    i.outputTogglePin   output.o
    0x080072b2   0x080072b2   0x00000046   Code   RO         5090    i.outputWritePin    output.o
    0x080072f8   0x080072f8   0x0000003c   Code   RO         5091    i.outputWritePinHEX  output.o
    0x08007334   0x08007334   0x0000003c   Code   RO         4286    i.print             board.o
    0x08007370   0x08007370   0x0000001c   Code   RO         4287    i.printS            board.o
    0x0800738c   0x0800738c   0x000000a0   Code   RO         4849    i.setupUartDev      uartdev.o
    0x0800742c   0x0800742c   0x00000040   Code   RO         4742    i.setup_appTmr      app_timer.o
    0x0800746c   0x0800746c   0x0000005c   Code   RO         4796    i.setup_cmdConsumer  cmd_consumer.o
    0x080074c8   0x080074c8   0x00000720   Code   RO         4530    i.stmFlsh_Cmd       stm_flash_cmd.o
    0x08007be8   0x08007be8   0x00000058   Code   RO         4466    i.stmFlsh_format    stm_flash.o
    0x08007c40   0x08007c40   0x00000054   Code   RO         4467    i.stmFlsh_print     stm_flash.o
    0x08007c94   0x08007c94   0x00000018   Code   RO         4468    i.stmFlsh_read      stm_flash.o
    0x08007cac   0x08007cac   0x0000000c   Code   RO         4469    i.stmFlsh_readDMA   stm_flash.o
    0x08007cb8   0x08007cb8   0x00000114   Code   RO         4470    i.stmFlsh_write     stm_flash.o
    0x08007dcc   0x08007dcc   0x0000001c   Code   RO         5410    i.strFormat         misc.o
    0x08007de8   0x08007de8   0x00000024   Code   RO         4696    i.taskIrq           task.o
    0x08007e0c   0x08007e0c   0x00000030   Code   RO         4697    i.taskPolling       task.o
    0x08007e3c   0x08007e3c   0x00000002   Code   RO         4290    i.testHandler       board.o
    0x08007e3e   0x08007e3e   0x00000010   Code   RO         4850    i.uartIsTxRBuffEmpty  uartdev.o
    0x08007e4e   0x08007e4e   0x0000002e   Code   RO         4851    i.uartPolling       uartdev.o
    0x08007e7c   0x08007e7c   0x000000f2   Code   RO         4852    i.uartRxFetchFrame  uartdev.o
    0x08007f6e   0x08007f6e   0x00000002   PAD
    0x08007f70   0x08007f70   0x00000028   Code   RO         4853    i.uartRxFetchLine   uartdev.o
    0x08007f98   0x08007f98   0x00000076   Code   RO         4854    i.uartRxMonitor     uartdev.o
    0x0800800e   0x0800800e   0x00000034   Code   RO         4855    i.uartSend          uartdev.o
    0x08008042   0x08008042   0x00000002   PAD
    0x08008044   0x08008044   0x0000005c   Code   RO         4856    i.uartStartRecv     uartdev.o
    0x080080a0   0x080080a0   0x00000020   Code   RO         4857    i.uartTestRestartRecv  uartdev.o
    0x080080c0   0x080080c0   0x00000048   Code   RO         4858    i.uartTxPolling     uartdev.o
    0x08008108   0x08008108   0x00000076   Code   RO         4859    i.uartTxSendFrame   uartdev.o
    0x0800817e   0x0800817e   0x00000002   PAD
    0x08008180   0x08008180   0x0000001c   Code   RO         4574    i.usrRead           disk.o
    0x0800819c   0x0800819c   0x0000001c   Code   RO         4575    i.usrWrite          disk.o
    0x080081b8   0x080081b8   0x0000002c   Code   RO         5862    locale$$code        c_w.l(lc_numeric_c.o)
    0x080081e4   0x080081e4   0x0000002c   Code   RO         5889    locale$$code        c_w.l(lc_ctype_c.o)
    0x08008210   0x08008210   0x0000000a   Code   RO         5957    x$fpl$fpinit        fz_wm.l(fpinit.o)
    0x0800821a   0x0800821a   0x00000004   Code   RO         5778    x$fpl$printf1       fz_wm.l(printf1.o)
    0x0800821e   0x0800821e   0x00000004   Code   RO         5780    x$fpl$printf2       fz_wm.l(printf2.o)
    0x08008222   0x08008222   0x00000000   Code   RO         5878    x$fpl$usenofp       fz_wm.l(usenofp.o)
    0x08008222   0x08008222   0x00000020   Data   RO          966    .constdata          stm32f3xx_hal_rcc.o
    0x08008242   0x08008242   0x00000010   Data   RO         4237    .constdata          system_stm32f3xx.o
    0x08008252   0x08008252   0x00000008   Data   RO         4238    .constdata          system_stm32f3xx.o
    0x0800825a   0x0800825a   0x00000002   PAD
    0x0800825c   0x0800825c   0x0000015b   Data   RO         4292    .constdata          board.o
    0x080083b7   0x080083b7   0x0000001d   Data   RO         4471    .constdata          stm_flash.o
    0x080083d4   0x080083d4   0x00000070   Data   RO         4531    .constdata          stm_flash_cmd.o
    0x08008444   0x08008444   0x000000b7   Data   RO         5132    .constdata          outputcmd.o
    0x080084fb   0x080084fb   0x0000001b   Data   RO         5563    .constdata          cw2217.o
    0x08008516   0x08008516   0x00000002   PAD
    0x08008518   0x08008518   0x00000008   Data   RO         5696    .constdata          c_w.l(_printf_wctomb.o)
    0x08008520   0x08008520   0x00000028   Data   RO         5725    .constdata          c_w.l(_printf_hex_int_ll_ptr.o)
    0x08008548   0x08008548   0x00000011   Data   RO         5745    .constdata          c_w.l(__printf_flags_ss_wp.o)
    0x08008559   0x08008559   0x00000026   Data   RO         5812    .constdata          c_w.l(_printf_fp_hex.o)
    0x0800857f   0x0800857f   0x00000001   PAD
    0x08008580   0x08008580   0x00000094   Data   RO         5837    .constdata          c_w.l(bigflt0.o)
    0x08008614   0x08008614   0x00000020   Data   RO         6015    Region$$Table       anon$$obj.o
    0x08008634   0x08008634   0x0000001c   Data   RO         5861    locale$$data        c_w.l(lc_numeric_c.o)
    0x08008650   0x08008650   0x00000110   Data   RO         5888    locale$$data        c_w.l(lc_ctype_c.o)


    Execution Region RW_IRAM1 (Exec base: 0x20000000, Load base: 0x08008760, Size: 0x00002168, Max: 0x00008000, ABSOLUTE)

    Exec Addr    Load Addr    Size         Type   Attr      Idx    E Section Name        Object

    0x20000000   0x08008760   0x0000000c   Data   RW          803    .data               stm32f3xx_hal.o
    0x2000000c   0x0800876c   0x00000004   Data   RW         4239    .data               system_stm32f3xx.o
    0x20000010   0x08008770   0x0000000c   Data   RW         4296    .data               board.o
    0x2000001c   0x0800877c   0x00000004   Data   RW         4472    .data               stm_flash.o
    0x20000020   0x08008780   0x00000008   Data   RW         4577    .data               disk.o
    0x20000028   0x08008788   0x00000010   Data   RW         4645    .data               led_flash.o
    0x20000038   0x08008798   0x00000004   Data   RW         5412    .data               misc.o
    0x2000003c   0x0800879c   0x00000001   Data   RW         5413    .data               misc.o
    0x2000003d   0x0800879d   0x00000003   PAD
    0x20000040   0x080087a0   0x00000004   Data   RW         5513    .data               user_log.o
    0x20000044   0x080087a4   0x00000050   Data   RW         5564    .data               cw2217.o
    0x20000094        -       0x00000300   Zero   RW           24    .bss                main.o
    0x20000394   0x080087f4   0x00000004   PAD
    0x20000398        -       0x00000020   Zero   RW         1563    .bss                stm32f3xx_hal_flash.o
    0x200003b8        -       0x00000b50   Zero   RW         4291    .bss                board.o
    0x20000f08        -       0x00000060   Zero   RW         5882    .bss                c_w.l(libspace.o)
    0x20000f68        -       0x00000200   Zero   RW            2    HEAP                startup_stm32f373xc.o
    0x20001168        -       0x00001000   Zero   RW            1    STACK               startup_stm32f373xc.o


==============================================================================

Image component sizes


      Code (inc. data)   RO Data    RW Data    ZI Data      Debug   Object Name

       288         22          0          0          0       4848   adc_dev.o
       246         24          0          0          0       5219   app_timer.o
      1832        814        347         12       2896      12058   board.o
       284         20          0          0          0       6260   cmd_consumer.o
        56          0          0          0          0       1088   crc16.o
      1202        122         27         80          0      12843   cw2217.o
        68         12          0          8          0       2685   disk.o
        42          0          0          0          0       2458   gpiodecal.o
       876         16          0          0          0       9767   iic_io.o
       208         16          0          0          0       2928   input.o
       136         28          0         16          0       2856   led_flash.o
      1300         90          0          0        768     569059   main.o
        28          0          0          5          0       2879   misc.o
       284         22          0          0          0       3613   output.o
      1048        466        183          0          0       2896   outputcmd.o
       388          0          0          0          0       6252   ring_buffer.o
        64         26        392          0       4608        828   startup_stm32f373xc.o
       128         24          0         12          0      12181   stm32f3xx_hal.o
      1456         50          0          0          0       8843   stm32f3xx_hal_adc_ex.o
       234         24          0          0          0      34462   stm32f3xx_hal_cortex.o
       116          4          0          0          0       1127   stm32f3xx_hal_crc.o
        84          0          0          0          0       1243   stm32f3xx_hal_crc_ex.o
       144          0          0          0          0       1727   stm32f3xx_hal_dma.o
       348         48          0          0         32       4726   stm32f3xx_hal_flash.o
       240         28          0          0          0       3293   stm32f3xx_hal_flash_ex.o
       500         30          0          0          0       3496   stm32f3xx_hal_gpio.o
       796         96          0          0          0       5223   stm32f3xx_hal_msp.o
      2016         76         32          0          0       5672   stm32f3xx_hal_rcc.o
       464         14          0          0          0       1496   stm32f3xx_hal_rcc_ex.o
       504          6          0          0          0       2884   stm32f3xx_hal_spi.o
       796         68          0          0          0       6786   stm32f3xx_hal_tim.o
       136         26          0          0          0       1352   stm32f3xx_hal_tim_ex.o
      2864         74          0          0          0      16633   stm32f3xx_hal_uart.o
         2          0          0          0          0        988   stm32f3xx_hal_uart_ex.o
        90         30          0          0          0       6350   stm32f3xx_it.o
       484        114         29          4          0       4556   stm_flash.o
      1824        904        112          0          0       2386   stm_flash_cmd.o
        16          4         24          4          0       1087   system_stm32f3xx.o
        84         14          0          0          0       1012   task.o
      1432         50          0          0          0      14104   uartdev.o
       104         24          0          4          0       1695   user_log.o

    ----------------------------------------------------------------------
     23266       3386       1182        148       8308     791859   Object Totals
         0          0         32          0          0          0   (incl. Generated)
        54          0          4          3          4          0   (incl. Padding)

    ----------------------------------------------------------------------

      Code (inc. data)   RO Data    RW Data    ZI Data      Debug   Library Member Name

        60          8          0          0          0         84   __0sscanf.o
         8          0          0          0          0         68   __main.o
       392          4         17          0          0         92   __printf_flags_ss_wp.o
        14          0          0          0          0         68   __printf_wp.o
         0          0          0          0          0          0   __rtentry.o
        12          0          0          0          0          0   __rtentry2.o
         6          0          0          0          0          0   __rtentry4.o
        52          8          0          0          0          0   __scatter.o
        26          0          0          0          0          0   __scatter_copy.o
        28          0          0          0          0          0   __scatter_zi.o
        28          0          0          0          0         68   _chval.o
         6          0          0          0          0          0   _printf_a.o
         6          0          0          0          0          0   _printf_c.o
        44          0          0          0          0        108   _printf_char.o
        48          6          0          0          0         96   _printf_char_common.o
        40          0          0          0          0         68   _printf_charcount.o
         6          0          0          0          0          0   _printf_d.o
       120         16          0          0          0         92   _printf_dec.o
         6          0          0          0          0          0   _printf_e.o
         6          0          0          0          0          0   _printf_f.o
      1054          0          0          0          0        216   _printf_fp_dec.o
       764          8         38          0          0        100   _printf_fp_hex.o
       128         16          0          0          0         84   _printf_fp_infnan.o
         6          0          0          0          0          0   _printf_g.o
       148          4         40          0          0        160   _printf_hex_int_ll_ptr.o
         6          0          0          0          0          0   _printf_i.o
       178          0          0          0          0         88   _printf_intcommon.o
        10          0          0          0          0          0   _printf_l.o
         6          0          0          0          0          0   _printf_lc.o
        10          0          0          0          0          0   _printf_ll.o
         6          0          0          0          0          0   _printf_lld.o
         6          0          0          0          0          0   _printf_lli.o
         6          0          0          0          0          0   _printf_llo.o
         6          0          0          0          0          0   _printf_llu.o
         6          0          0          0          0          0   _printf_llx.o
       124         16          0          0          0         92   _printf_longlong_dec.o
         6          0          0          0          0          0   _printf_ls.o
         6          0          0          0          0          0   _printf_n.o
         6          0          0          0          0          0   _printf_o.o
       112         10          0          0          0        124   _printf_oct_int_ll.o
         6          0          0          0          0          0   _printf_p.o
        78          0          0          0          0        108   _printf_pad.o
         0          0          0          0          0          0   _printf_percent.o
         4          0          0          0          0          0   _printf_percent_end.o
         6          0          0          0          0          0   _printf_s.o
        82          0          0          0          0         80   _printf_str.o
        36          0          0          0          0         84   _printf_truncate.o
         6          0          0          0          0          0   _printf_u.o
        44          0          0          0          0        108   _printf_wchar.o
       188          6          8          0          0         92   _printf_wctomb.o
         6          0          0          0          0          0   _printf_x.o
       884          4          0          0          0        100   _scanf.o
       332          0          0          0          0         96   _scanf_int.o
        64          0          0          0          0         84   _sgetc.o
        16          0          0          0          0         68   _snputc.o
        10          0          0          0          0         68   _sputc.o
        64          0          0          0          0         92   _wcrtomb.o
       228          4        148          0          0         96   bigflt0.o
      1936        128          0          0          0        672   btod.o
        18          0          0          0          0         80   exit.o
         6          0          0          0          0        152   heapauxi.o
         0          0          0          0          0          0   indicate_semi.o
        18          0          0          0          0         76   isspace.o
        44         10        272          0          0         76   lc_ctype_c.o
        44         10         28          0          0         76   lc_numeric_c.o
         2          0          0          0          0          0   libinit.o
        34          0          0          0          0          0   libinit2.o
         2          0          0          0          0          0   libshutdown.o
         2          0          0          0          0          0   libshutdown2.o
         8          4          0          0         96         68   libspace.o
        72          0          0          0          0         76   llsdiv.o
       138          0          0          0          0         80   lludiv10.o
       238          0          0          0          0        100   lludivv7m.o
        38          0          0          0          0         68   llushr.o
        88          0          0          0          0         76   memcmp.o
        16          4          0          0          0         76   rt_ctype_table.o
         8          4          0          0          0         68   rt_locale_intlibspace.o
        68          0          0          0          0         68   rt_memclr.o
        78          0          0          0          0         80   rt_memclr_w.o
       138          0          0          0          0         68   rt_memcpy_v6.o
       100          0          0          0          0         80   rt_memcpy_w.o
       132          0          0          0          0         68   rt_memmove_v6.o
       122          0          0          0          0         80   rt_memmove_w.o
         2          0          0          0          0          0   rtexit.o
        10          0          0          0          0          0   rtexit2.o
        44          8          0          0          0         84   scanf_char.o
        24          0          0          0          0         68   strcat.o
       128          0          0          0          0         68   strcmpv7m.o
        72          0          0          0          0         80   strcpy.o
        62          0          0          0          0         76   strlen.o
       150          0          0          0          0         80   strncmp.o
        36          0          0          0          0         80   strstr.o
        12          4          0          0          0         68   sys_exit.o
        74          0          0          0          0         80   sys_stackheap_outer.o
         2          0          0          0          0         68   use_no_semi.o
        52          4          0          0          0         80   vsnprintf.o
        10          0          0          0          0        116   fpinit.o
         4          0          0          0          0        116   printf1.o
         4          0          0          0          0        116   printf2.o
         0          0          0          0          0          0   usenofp.o
        48          0          0          0          0        124   fpclassify.o

    ----------------------------------------------------------------------
      9656        286        552          0         96       6176   Library Totals
        16          0          1          0          0          0   (incl. Padding)

    ----------------------------------------------------------------------

      Code (inc. data)   RO Data    RW Data    ZI Data      Debug   Library Name

      9574        286        551          0         96       5704   c_w.l
        18          0          0          0          0        348   fz_wm.l
        48          0          0          0          0        124   m_wm.l

    ----------------------------------------------------------------------
      9656        286        552          0         96       6176   Library Totals

    ----------------------------------------------------------------------

==============================================================================


      Code (inc. data)   RO Data    RW Data    ZI Data      Debug   

     32922       3672       1734        148       8404     774159   Grand Totals
     32922       3672       1734        148       8404     774159   ELF Image Totals
     32922       3672       1734        148          0          0   ROM Totals

==============================================================================

    Total RO  Size (Code + RO Data)                34656 (  33.84kB)
    Total RW  Size (RW Data + ZI Data)              8552 (   8.35kB)
    Total ROM Size (Code + RO Data + RW Data)      34804 (  33.99kB)

==============================================================================

