<html>
<body>
<pre>
<h1>µVision Build Log</h1>
<h2>Tool Versions:</h2>
IDE-Version: ¦ÌVision V5.15
Copyright (C) 2015 ARM Ltd and ARM Germany GmbH. All rights reserved.
License Information: Z work, Z, LIC=IK1BF-62ERZ-12WLE-54WVP-ELB2M-G4C9E
 
Tool Versions:
Toolchain:       MDK-ARM Standard  Version: 5.15.0
Toolchain Path:  D:\Keil_v5\ARM\ARMCC\Bin
C Compiler:      Armcc.exe V5.05 update 2 (build 169)
Assembler:       Armasm.exe V5.05 update 2 (build 169)
Linker/Locator:  ArmLink.exe V5.05 update 2 (build 169)
Library Manager: ArmAr.exe V5.05 update 2 (build 169)
Hex Converter:   FromElf.exe V5.05 update 2 (build 169)
CPU DLL:         SARMCM3.DLL V5.15.0
Dialog DLL:      DCM.DLL V1.13.2.0
Target DLL:      STLink\ST-LINKIII-KEIL_SWO.dll V2.0.15.0_KEIL
Dialog DLL:      TCM.DLL V1.14.5.0
 
<h2>Project:</h2>
F:\pprj\max_tester\MDK-ARM\tester_f373.uvprojx
Project File Date:  08/28/2023

<h2>Output:</h2>
*** Using Compiler 'V5.05 update 2 (build 169)', folder: 'D:\Keil_v5\ARM\ARMCC\Bin'
Build target 'tester_f373'
assembling startup_stm32f373xc.s...
compiling main.c...
compiling stm32f3xx_it.c...
compiling stm32f3xx_hal_msp.c...
compiling stm32f3xx_hal_adc.c...
compiling stm32f3xx_hal_adc_ex.c...
compiling stm32f3xx_hal.c...
compiling stm32f3xx_hal_rcc.c...
compiling stm32f3xx_hal_rcc_ex.c...
compiling stm32f3xx_hal_gpio.c...
compiling stm32f3xx_hal_dma.c...
compiling stm32f3xx_hal_cortex.c...
compiling stm32f3xx_hal_pwr.c...
compiling stm32f3xx_hal_pwr_ex.c...
compiling stm32f3xx_hal_flash.c...
compiling stm32f3xx_hal_flash_ex.c...
compiling stm32f3xx_hal_i2c.c...
compiling stm32f3xx_hal_i2c_ex.c...
compiling stm32f3xx_hal_exti.c...
compiling stm32f3xx_hal_crc.c...
compiling stm32f3xx_hal_crc_ex.c...
compiling stm32f3xx_hal_spi.c...
compiling stm32f3xx_hal_spi_ex.c...
compiling stm32f3xx_hal_tim.c...
compiling stm32f3xx_hal_tim_ex.c...
compiling stm32f3xx_hal_uart.c...
compiling stm32f3xx_hal_uart_ex.c...
compiling system_stm32f3xx.c...
compiling board.c...
..\Core\Src\board\board.c(198): warning:  #550-D: variable "ret" was set but never used
      int ret;
..\Core\Src\board\board.c(298): warning:  #177-D: variable "k" was declared but never referenced
      s32 i,j,k;
..\Core\Src\board\board.c(209): warning:  #177-D: variable "testSqu" was declared but never referenced
  static u8 testSqu = 0, adcIndx = 0;
..\Core\Src\board\board.c(210): warning:  #177-D: variable "testTick" was declared but never referenced
  static u32 testTick =0;
..\Core\Src\board\board.c(211): warning:  #550-D: variable "adcVal" was set but never used
  static u16 adcVal[8][4];
..\Core\Src\board\board.c: 5 warnings, 0 errors
compiling stm_flash.c...
..\..\G0_COMMON\stm_flash\stm_flash.c(12): warning:  #550-D: variable "tick" was set but never used
      u32 i,tick;
..\..\G0_COMMON\stm_flash\stm_flash.c(107): warning:  #177-D: function "GetPage" was declared but never referenced
  static uint32_t GetPage(uint32_t Addr)
..\..\G0_COMMON\stm_flash\stm_flash.c(124): warning:  #177-D: function "stmFlsh_printPG" was declared but never referenced
  static void stmFlsh_printPG(uint8_t* mem){
..\..\G0_COMMON\stm_flash\stm_flash.c: 3 warnings, 0 errors
compiling stm_flash_Cmd.c...
..\..\G0_COMMON\stm_flash\stm_flash_Cmd.c(40): warning:  #177-D: variable "brdAddr" was declared but never referenced
      u8 brdAddr = g_boardAddr;
..\..\G0_COMMON\stm_flash\stm_flash_Cmd.c(43): warning:  #177-D: variable "ii" was declared but never referenced
      s32 i,j,ii, x[32];
..\..\G0_COMMON\stm_flash\stm_flash_Cmd.c: 2 warnings, 0 errors
compiling disk.c...
..\..\G0_COMMON\disk\disk.c(73): warning:  #177-D: variable "buff" was declared but never referenced
        u8 buff[16] = {0};
..\..\G0_COMMON\disk\disk.c(74): warning:  #177-D: variable "sum" was declared but never referenced
        u16 sum,checkcode,i;
..\..\G0_COMMON\disk\disk.c(74): warning:  #177-D: variable "checkcode" was declared but never referenced
        u16 sum,checkcode,i;
..\..\G0_COMMON\disk\disk.c(74): warning:  #177-D: variable "i" was declared but never referenced
        u16 sum,checkcode,i;
..\..\G0_COMMON\disk\disk.c: 4 warnings, 0 errors
compiling led_flash.c...
compiling task.c...
..\Core\Src\task\task.c(110): warning:  #177-D: function "forwardRes" was declared but never referenced
  static void forwardRes(void* rsrc, const char* MSG){
..\Core\Src\task\task.c(117): warning:  #177-D: function "forwardReq" was declared but never referenced
  static void forwardReq(const char* MSG){
..\Core\Src\task\task.c(73): warning:  #177-D: function "doCommand" was declared but never referenced
  u8 doCommand(char* buff, u16 len,
..\Core\Src\task\task.c: 3 warnings, 0 errors
compiling app_timer.c...
compiling thread_delay.c...
compiling cmd_consumer.c...
compiling uartDev.c...
compiling ring_buffer.c...
compiling input.c...
compiling inputCmd.c...
compiling output.c...
compiling outputCmd.c...
compiling IIC_IO.c...
compiling crc16.c...
compiling gpioDecal.c...
compiling misc.c...
compiling adc_dev.c...
..\..\G0_COMMON\adc_dev\adc_dev.c(133): warning:  #177-D: variable "i" was declared but never referenced
        u8 i;
..\..\G0_COMMON\adc_dev\adc_dev.c(134): warning:  #177-D: variable "x" was declared but never referenced
        u32 x = 0,min;
..\..\G0_COMMON\adc_dev\adc_dev.c(190): warning:  #177-D: variable "indx" was declared but never referenced
      u8 isStarted_temp = r->isStarted,indx,i,ch;
..\..\G0_COMMON\adc_dev\adc_dev.c(223): warning:  #177-D: variable "indx" was declared but never referenced
      u8 isStarted_temp = r->isStarted,indx,i;
..\..\G0_COMMON\adc_dev\adc_dev.c(143): warning:  #177-D: function "adcDevReadRaw_avr" was declared but never referenced
  static s32 adcDevReadRaw_avr(adcRsrc_T* r, u8 ch, s16* val){
..\..\G0_COMMON\adc_dev\adc_dev.c: 5 warnings, 0 errors
compiling adc_dev_cmd.c...
..\..\G0_COMMON\adc_dev\adc_dev_cmd.c(45): warning:  #177-D: variable "brdAddr" was declared but never referenced
      u8 brdAddr = g_boardAddr;
..\..\G0_COMMON\adc_dev\adc_dev_cmd.c(46): warning:  #177-D: variable "buff" was declared but never referenced
      u8 buff[32] = {0};
..\..\G0_COMMON\adc_dev\adc_dev_cmd.c(48): warning:  #177-D: variable "ii" was declared but never referenced
      s32 i,j,ii, x[32];
..\..\G0_COMMON\adc_dev\adc_dev_cmd.c(48): warning:  #177-D: variable "x" was declared but never referenced
      s32 i,j,ii, x[32];
..\..\G0_COMMON\adc_dev\adc_dev_cmd.c: 4 warnings, 0 errors
compiling user_log.c...
compiling CW2217.c...
..\..\G0_COMMON\CW2217\CW2217.c(250): warning:  #177-D: variable "chip_id" was declared but never referenced
        int chip_id;
..\..\G0_COMMON\CW2217\CW2217.c(299): warning:  #550-D: variable "remainder" was set but never used
        int remainder;
..\..\G0_COMMON\CW2217\CW2217.c(543): warning:  #550-D: variable "reg_profile" was set but never used
        int reg_profile;
..\..\G0_COMMON\CW2217\CW2217.c(474): warning:  #177-D: function "cw_init_data" was declared but never referenced
  static int cw_init_data(cw2217_rsrc_t *r)
..\..\G0_COMMON\CW2217\CW2217.c(114): warning:  #177-D: function "cw_bat_work" was declared but never referenced
  static void cw_bat_work(cw2217_rsrc_t *r);
..\..\G0_COMMON\CW2217\CW2217.c(155): warning:  #177-D: function "cwBat_start" was declared but never referenced
  static void cwBat_start(cw2217_rsrc_t *r, u16 interval){
..\..\G0_COMMON\CW2217\CW2217.c(160): warning:  #177-D: function "cwBat_stop" was declared but never referenced
  static void cwBat_stop(cw2217_rsrc_t *r){
..\..\G0_COMMON\CW2217\CW2217.c: 7 warnings, 0 errors
linking...
Program Size: Code=34822 RO-data=1898 RW-data=152 ZI-data=8416  
FromELF: creating hex file...
"tester_f373\tester_f373.axf" - 0 Error(s), 33 Warning(s).

<h2>Software Packages used:</h2>

Package Vendor: ARM
                http://www.keil.com/pack/ARM.CMSIS.5.6.0.pack
                ARM::CMSIS:CORE:5.3.0
                CMSIS (Cortex Microcontroller Software Interface Standard)
   * Component: CORE Version: 5.3.0

<h2>Collection of Component include folders:</h2>
  F:\pprj\max_tester\MDK-ARM\RTE
  D:\Keil_v5\ARM\PACK\ARM\CMSIS\5.6.0\CMSIS\Core\Include
  D:\Keil_v5\ARM\PACK\Keil\STM32F3xx_DFP\2.2.2\Drivers\CMSIS\Device\ST\STM32F3xx\Include

<h2>Collection of Component Files used:</h2>

   * Component: ARM::CMSIS:CORE:5.3.0
</pre>
</body>
</html>
